Archive member included to satisfy reference by file (symbol)

c:/progra~2/gnutoo~1/50a5a~1.420/bin/../lib/gcc/arm-none-eabi/5.4.1/../../../../arm-none-eabi/lib/armv7e-m/fpu\libc.a(lib_a-errno.o)
                              CMakeFiles/STMF407ZGT6.elf.dir/APP/sys/sys.c.obj (__errno)
c:/progra~2/gnutoo~1/50a5a~1.420/bin/../lib/gcc/arm-none-eabi/5.4.1/../../../../arm-none-eabi/lib/armv7e-m/fpu\libc.a(lib_a-exit.o)
                              c:/progra~2/gnutoo~1/50a5a~1.420/bin/../lib/gcc/arm-none-eabi/5.4.1/../../../../arm-none-eabi/lib/armv7e-m/fpu/crt0.o (exit)
c:/progra~2/gnutoo~1/50a5a~1.420/bin/../lib/gcc/arm-none-eabi/5.4.1/../../../../arm-none-eabi/lib/armv7e-m/fpu\libc.a(lib_a-impure.o)
                              c:/progra~2/gnutoo~1/50a5a~1.420/bin/../lib/gcc/arm-none-eabi/5.4.1/../../../../arm-none-eabi/lib/armv7e-m/fpu\libc.a(lib_a-exit.o) (_global_impure_ptr)
c:/progra~2/gnutoo~1/50a5a~1.420/bin/../lib/gcc/arm-none-eabi/5.4.1/../../../../arm-none-eabi/lib/armv7e-m/fpu\libc.a(lib_a-init.o)
                              c:/progra~2/gnutoo~1/50a5a~1.420/bin/../lib/gcc/arm-none-eabi/5.4.1/../../../../arm-none-eabi/lib/armv7e-m/fpu/crt0.o (__libc_init_array)
c:/progra~2/gnutoo~1/50a5a~1.420/bin/../lib/gcc/arm-none-eabi/5.4.1/../../../../arm-none-eabi/lib/armv7e-m/fpu\libc.a(lib_a-memcpy.o)
                              CMakeFiles/STMF407ZGT6.elf.dir/FreeRTOS/queue.c.obj (memcpy)
c:/progra~2/gnutoo~1/50a5a~1.420/bin/../lib/gcc/arm-none-eabi/5.4.1/../../../../arm-none-eabi/lib/armv7e-m/fpu\libc.a(lib_a-memset.o)
                              c:/progra~2/gnutoo~1/50a5a~1.420/bin/../lib/gcc/arm-none-eabi/5.4.1/../../../../arm-none-eabi/lib/armv7e-m/fpu/crt0.o (memset)
c:/progra~2/gnutoo~1/50a5a~1.420/bin/../lib/gcc/arm-none-eabi/5.4.1/../../../../arm-none-eabi/lib/armv7e-m/fpu\libc.a(lib_a-printf.o)
                              CMakeFiles/STMF407ZGT6.elf.dir/USER/main.c.obj (printf)
c:/progra~2/gnutoo~1/50a5a~1.420/bin/../lib/gcc/arm-none-eabi/5.4.1/../../../../arm-none-eabi/lib/armv7e-m/fpu\libc.a(lib_a-puts.o)
                              CMakeFiles/STMF407ZGT6.elf.dir/USER/main.c.obj (puts)
c:/progra~2/gnutoo~1/50a5a~1.420/bin/../lib/gcc/arm-none-eabi/5.4.1/../../../../arm-none-eabi/lib/armv7e-m/fpu\libc.a(lib_a-strlen.o)
                              c:/progra~2/gnutoo~1/50a5a~1.420/bin/../lib/gcc/arm-none-eabi/5.4.1/../../../../arm-none-eabi/lib/armv7e-m/fpu\libc.a(lib_a-puts.o) (strlen)
c:/progra~2/gnutoo~1/50a5a~1.420/bin/../lib/gcc/arm-none-eabi/5.4.1/../../../../arm-none-eabi/lib/armv7e-m/fpu\libc.a(lib_a-vfprintf.o)
                              c:/progra~2/gnutoo~1/50a5a~1.420/bin/../lib/gcc/arm-none-eabi/5.4.1/../../../../arm-none-eabi/lib/armv7e-m/fpu\libc.a(lib_a-printf.o) (_vfprintf_r)
c:/progra~2/gnutoo~1/50a5a~1.420/bin/../lib/gcc/arm-none-eabi/5.4.1/../../../../arm-none-eabi/lib/armv7e-m/fpu\libc.a(lib_a-wsetup.o)
                              c:/progra~2/gnutoo~1/50a5a~1.420/bin/../lib/gcc/arm-none-eabi/5.4.1/../../../../arm-none-eabi/lib/armv7e-m/fpu\libc.a(lib_a-vfprintf.o) (__swsetup_r)
c:/progra~2/gnutoo~1/50a5a~1.420/bin/../lib/gcc/arm-none-eabi/5.4.1/../../../../arm-none-eabi/lib/armv7e-m/fpu\libc.a(lib_a-__call_atexit.o)
                              c:/progra~2/gnutoo~1/50a5a~1.420/bin/../lib/gcc/arm-none-eabi/5.4.1/../../../../arm-none-eabi/lib/armv7e-m/fpu\libc.a(lib_a-exit.o) (__call_exitprocs)
c:/progra~2/gnutoo~1/50a5a~1.420/bin/../lib/gcc/arm-none-eabi/5.4.1/../../../../arm-none-eabi/lib/armv7e-m/fpu\libc.a(lib_a-atexit.o)
                              c:/progra~2/gnutoo~1/50a5a~1.420/bin/../lib/gcc/arm-none-eabi/5.4.1/../../../../arm-none-eabi/lib/armv7e-m/fpu\libc.a(lib_a-__call_atexit.o) (atexit)
c:/progra~2/gnutoo~1/50a5a~1.420/bin/../lib/gcc/arm-none-eabi/5.4.1/../../../../arm-none-eabi/lib/armv7e-m/fpu\libc.a(lib_a-dtoa.o)
                              c:/progra~2/gnutoo~1/50a5a~1.420/bin/../lib/gcc/arm-none-eabi/5.4.1/../../../../arm-none-eabi/lib/armv7e-m/fpu\libc.a(lib_a-vfprintf.o) (_dtoa_r)
c:/progra~2/gnutoo~1/50a5a~1.420/bin/../lib/gcc/arm-none-eabi/5.4.1/../../../../arm-none-eabi/lib/armv7e-m/fpu\libc.a(lib_a-fflush.o)
                              c:/progra~2/gnutoo~1/50a5a~1.420/bin/../lib/gcc/arm-none-eabi/5.4.1/../../../../arm-none-eabi/lib/armv7e-m/fpu\libc.a(lib_a-vfprintf.o) (_fflush_r)
c:/progra~2/gnutoo~1/50a5a~1.420/bin/../lib/gcc/arm-none-eabi/5.4.1/../../../../arm-none-eabi/lib/armv7e-m/fpu\libc.a(lib_a-findfp.o)
                              c:/progra~2/gnutoo~1/50a5a~1.420/bin/../lib/gcc/arm-none-eabi/5.4.1/../../../../arm-none-eabi/lib/armv7e-m/fpu\libc.a(lib_a-puts.o) (__sinit)
c:/progra~2/gnutoo~1/50a5a~1.420/bin/../lib/gcc/arm-none-eabi/5.4.1/../../../../arm-none-eabi/lib/armv7e-m/fpu\libc.a(lib_a-fini.o)
                              c:/progra~2/gnutoo~1/50a5a~1.420/bin/../lib/gcc/arm-none-eabi/5.4.1/../../../../arm-none-eabi/lib/armv7e-m/fpu\libc.a(lib_a-__call_atexit.o) (__libc_fini_array)
[...]
Memory Configuration

Name             Origin             Length             Attributes
RAM              0x20000000         0x00020000         xrw
CCMRAM           0x10000000         0x00010000         xrw
FLASH            0x08000000         0x00100000         xr
*default*        0x00000000         0xffffffff

Linker script and memory map

LOAD c:/progra~2/gnutoo~1/50a5a~1.420/bin/../lib/gcc/arm-none-eabi/5.4.1/armv7e-m/fpu/crti.o
LOAD c:/progra~2/gnutoo~1/50a5a~1.420/bin/../lib/gcc/arm-none-eabi/5.4.1/armv7e-m/fpu/crtbegin.o
LOAD c:/progra~2/gnutoo~1/50a5a~1.420/bin/../lib/gcc/arm-none-eabi/5.4.1/../../../../arm-none-eabi/lib/armv7e-m/fpu/crt0.o
LOAD CMakeFiles/STMF407ZGT6.elf.dir/APP/delay/delay.c.obj
LOAD CMakeFiles/STMF407ZGT6.elf.dir/APP/led/led.c.obj
LOAD CMakeFiles/STMF407ZGT6.elf.dir/APP/sys/sys.c.obj
LOAD CMakeFiles/STMF407ZGT6.elf.dir/APP/usart/usart.c.obj
LOAD CMakeFiles/STMF407ZGT6.elf.dir/FreeRTOS/croutine.c.obj
LOAD CMakeFiles/STMF407ZGT6.elf.dir/FreeRTOS/event_groups.c.obj
LOAD CMakeFiles/STMF407ZGT6.elf.dir/FreeRTOS/list.c.obj
LOAD CMakeFiles/STMF407ZGT6.elf.dir/FreeRTOS/portable/GCC/ARM_CM4F/port.c.obj
LOAD CMakeFiles/STMF407ZGT6.elf.dir/FreeRTOS/portable/MemMang/heap_4.c.obj
LOAD CMakeFiles/STMF407ZGT6.elf.dir/FreeRTOS/queue.c.obj
LOAD CMakeFiles/STMF407ZGT6.elf.dir/FreeRTOS/tasks.c.obj
LOAD CMakeFiles/STMF407ZGT6.elf.dir/FreeRTOS/timers.c.obj
LOAD CMakeFiles/STMF407ZGT6.elf.dir/Libraries/STM32F407x.Stdperiph_Driver/src/misc.c.obj
LOAD CMakeFiles/STMF407ZGT6.elf.dir/Libraries/STM32F407x.Stdperiph_Driver/src/stm32f4xx_adc.c.obj
LOAD CMakeFiles/STMF407ZGT6.elf.dir/Libraries/STM32F407x.Stdperiph_Driver/src/stm32f4xx_can.c.obj
LOAD CMakeFiles/STMF407ZGT6.elf.dir/Libraries/STM32F407x.Stdperiph_Driver/src/stm32f4xx_crc.c.obj
LOAD CMakeFiles/STMF407ZGT6.elf.dir/Libraries/STM32F407x.Stdperiph_Driver/src/stm32f4xx_cryp.c.obj
LOAD CMakeFiles/STMF407ZGT6.elf.dir/Libraries/STM32F407x.Stdperiph_Driver/src/stm32f4xx_cryp_aes.c.obj
LOAD CMakeFiles/STMF407ZGT6.elf.dir/Libraries/STM32F407x.Stdperiph_Driver/src/stm32f4xx_cryp_des.c.obj
LOAD CMakeFiles/STMF407ZGT6.elf.dir/Libraries/STM32F407x.Stdperiph_Driver/src/stm32f4xx_cryp_tdes.c.obj
LOAD CMakeFiles/STMF407ZGT6.elf.dir/Libraries/STM32F407x.Stdperiph_Driver/src/stm32f4xx_dac.c.obj
LOAD CMakeFiles/STMF407ZGT6.elf.dir/Libraries/STM32F407x.Stdperiph_Driver/src/stm32f4xx_dbgmcu.c.obj
LOAD CMakeFiles/STMF407ZGT6.elf.dir/Libraries/STM32F407x.Stdperiph_Driver/src/stm32f4xx_dcmi.c.obj
LOAD CMakeFiles/STMF407ZGT6.elf.dir/Libraries/STM32F407x.Stdperiph_Driver/src/stm32f4xx_dma.c.obj
LOAD CMakeFiles/STMF407ZGT6.elf.dir/Libraries/STM32F407x.Stdperiph_Driver/src/stm32f4xx_dma2d.c.obj
LOAD CMakeFiles/STMF407ZGT6.elf.dir/Libraries/STM32F407x.Stdperiph_Driver/src/stm32f4xx_exti.c.obj
LOAD CMakeFiles/STMF407ZGT6.elf.dir/Libraries/STM32F407x.Stdperiph_Driver/src/stm32f4xx_flash.c.obj
LOAD CMakeFiles/STMF407ZGT6.elf.dir/Libraries/STM32F407x.Stdperiph_Driver/src/stm32f4xx_flash_ramfunc.c.obj
LOAD CMakeFiles/STMF407ZGT6.elf.dir/Libraries/STM32F407x.Stdperiph_Driver/src/stm32f4xx_fmc.c.obj
LOAD CMakeFiles/STMF407ZGT6.elf.dir/Libraries/STM32F407x.Stdperiph_Driver/src/stm32f4xx_fsmc.c.obj
LOAD CMakeFiles/STMF407ZGT6.elf.dir/Libraries/STM32F407x.Stdperiph_Driver/src/stm32f4xx_gpio.c.obj
LOAD CMakeFiles/STMF407ZGT6.elf.dir/Libraries/STM32F407x.Stdperiph_Driver/src/stm32f4xx_hash.c.obj
LOAD CMakeFiles/STMF407ZGT6.elf.dir/Libraries/STM32F407x.Stdperiph_Driver/src/stm32f4xx_hash_md5.c.obj
LOAD CMakeFiles/STMF407ZGT6.elf.dir/Libraries/STM32F407x.Stdperiph_Driver/src/stm32f4xx_hash_sha1.c.obj
LOAD CMakeFiles/STMF407ZGT6.elf.dir/Libraries/STM32F407x.Stdperiph_Driver/src/stm32f4xx_i2c.c.obj
LOAD CMakeFiles/STMF407ZGT6.elf.dir/Libraries/STM32F407x.Stdperiph_Driver/src/stm32f4xx_iwdg.c.obj
LOAD CMakeFiles/STMF407ZGT6.elf.dir/Libraries/STM32F407x.Stdperiph_Driver/src/stm32f4xx_ltdc.c.obj
LOAD CMakeFiles/STMF407ZGT6.elf.dir/Libraries/STM32F407x.Stdperiph_Driver/src/stm32f4xx_pwr.c.obj
LOAD CMakeFiles/STMF407ZGT6.elf.dir/Libraries/STM32F407x.Stdperiph_Driver/src/stm32f4xx_rcc.c.obj
LOAD CMakeFiles/STMF407ZGT6.elf.dir/Libraries/STM32F407x.Stdperiph_Driver/src/stm32f4xx_rng.c.obj
LOAD CMakeFiles/STMF407ZGT6.elf.dir/Libraries/STM32F407x.Stdperiph_Driver/src/stm32f4xx_rtc.c.obj
LOAD CMakeFiles/STMF407ZGT6.elf.dir/Libraries/STM32F407x.Stdperiph_Driver/src/stm32f4xx_sai.c.obj
LOAD CMakeFiles/STMF407ZGT6.elf.dir/Libraries/STM32F407x.Stdperiph_Driver/src/stm32f4xx_sdio.c.obj
LOAD CMakeFiles/STMF407ZGT6.elf.dir/Libraries/STM32F407x.Stdperiph_Driver/src/stm32f4xx_spi.c.obj
LOAD CMakeFiles/STMF407ZGT6.elf.dir/Libraries/STM32F407x.Stdperiph_Driver/src/stm32f4xx_syscfg.c.obj
LOAD CMakeFiles/STMF407ZGT6.elf.dir/Libraries/STM32F407x.Stdperiph_Driver/src/stm32f4xx_tim.c.obj
LOAD CMakeFiles/STMF407ZGT6.elf.dir/Libraries/STM32F407x.Stdperiph_Driver/src/stm32f4xx_usart.c.obj
LOAD CMakeFiles/STMF407ZGT6.elf.dir/Libraries/STM32F407x.Stdperiph_Driver/src/stm32f4xx_wwdg.c.obj
LOAD CMakeFiles/STMF407ZGT6.elf.dir/USER/main.c.obj
LOAD CMakeFiles/STMF407ZGT6.elf.dir/USER/stm32f4xx_it.c.obj
LOAD CMakeFiles/STMF407ZGT6.elf.dir/USER/system_stm32f4xx.c.obj
LOAD CMakeFiles/STMF407ZGT6.elf.dir/startup/startup_stm32f407xx.s.obj
START GROUP
LOAD c:/progra~2/gnutoo~1/50a5a~1.420/bin/../lib/gcc/arm-none-eabi/5.4.1/armv7e-m/fpu\libgcc.a
LOAD c:/progra~2/gnutoo~1/50a5a~1.420/bin/../lib/gcc/arm-none-eabi/5.4.1/../../../../arm-none-eabi/lib/armv7e-m/fpu\libc.a
END GROUP
LOAD c:/progra~2/gnutoo~1/50a5a~1.420/bin/../lib/gcc/arm-none-eabi/5.4.1/armv7e-m/fpu/crtend.o
LOAD c:/progra~2/gnutoo~1/50a5a~1.420/bin/../lib/gcc/arm-none-eabi/5.4.1/armv7e-m/fpu/crtn.o
                0x20020000                _estack = 0x20020000
                0x00000200                _Min_Heap_Size = 0x200
                0x00000400                _Min_Stack_Size = 0x400

.isr_vector     0x08000000      0x188
                0x08000000                . = ALIGN (0x4)
 *(.isr_vector)
 .isr_vector    0x08000000      0x188 CMakeFiles/STMF407ZGT6.elf.dir/startup/startup_stm32f407xx.s.obj
                0x08000000                g_pfnVectors
                0x08000188                . = ALIGN (0x4)

.text           0x080001c0     0x6484
                0x080001c0                . = ALIGN (0x4)
 *(.text)
 .text          0x080001c0       0x5c c:/progra~2/gnutoo~1/50a5a~1.420/bin/../lib/gcc/arm-none-eabi/5.4.1/armv7e-m/fpu/crtbegin.o
 .text          0x0800021c      0x134 c:/progra~2/gnutoo~1/50a5a~1.420/bin/../lib/gcc/arm-none-eabi/5.4.1/../../../../arm-none-eabi/lib/armv7e-m/fpu\libc.a(lib_a-memcpy.o)
                0x0800021c                memcpy
 *fill*         0x08000350       0x30 
 .text          0x08000380       0xdc c:/progra~2/gnutoo~1/50a5a~1.420/bin/../lib/gcc/arm-none-eabi/5.4.1/../../../../arm-none-eabi/lib/armv7e-m/fpu\libc.a(lib_a-strlen.o)
                0x08000380                strlen
 *fill*         0x0800045c        0x4 
 .text          0x08000460       0xa0 c:/progra~2/gnutoo~1/50a5a~1.420/bin/../lib/gcc/arm-none-eabi/5.4.1/../../../../arm-none-eabi/lib/armv7e-m/fpu\libc.a(lib_a-memchr.o)
                0x08000460                memchr
 .text          0x08000500      0x370 c:/progra~2/gnutoo~1/50a5a~1.420/bin/../lib/gcc/arm-none-eabi/5.4.1/armv7e-m/fpu\libgcc.a(_arm_addsubdf3.o)
                0x08000500                __aeabi_drsub
                0x08000508                __aeabi_dsub
                0x08000508                __subdf3
                0x0800050c                __aeabi_dadd
                0x0800050c                __adddf3
                0x08000784                __floatunsidf
                0x08000784                __aeabi_ui2d
                0x080007a4                __floatsidf
                0x080007a4                __aeabi_i2d
                0x080007c8                __aeabi_f2d
                0x080007c8                __extendsfdf2
                0x08000804                __floatundidf
                0x08000804                __aeabi_ul2d
                0x08000814                __floatdidf
                0x08000814                __aeabi_l2d
 .text          0x08000870      0x424 c:/progra~2/gnutoo~1/50a5a~1.420/bin/../lib/gcc/arm-none-eabi/5.4.1/armv7e-m/fpu\libgcc.a(_arm_muldivdf3.o)
                0x08000870                __aeabi_dmul
                0x08000870                __muldf3
                0x08000ac4                __divdf3
                0x08000ac4                __aeabi_ddiv
 .text          0x08000c94      0x110 c:/progra~2/gnutoo~1/50a5a~1.420/bin/../lib/gcc/arm-none-eabi/5.4.1/armv7e-m/fpu\libgcc.a(_arm_cmpdf2.o)
                0x08000c94                __gtdf2
                0x08000c94                __gedf2
                0x08000c9c                __ltdf2
                0x08000c9c                __ledf2
                0x08000ca4                __nedf2
                0x08000ca4                __eqdf2
                0x08000ca4                __cmpdf2
                0x08000d20                __aeabi_cdrcmple
                0x08000d30                __aeabi_cdcmpeq
                0x08000d30                __aeabi_cdcmple
                0x08000d40                __aeabi_dcmpeq
                0x08000d54                __aeabi_dcmplt
                0x08000d68                __aeabi_dcmple
                0x08000d7c                __aeabi_dcmpge
                0x08000d90                __aeabi_dcmpgt
 .text          0x08000da4       0x2c c:/progra~2/gnutoo~1/50a5a~1.420/bin/../lib/gcc/arm-none-eabi/5.4.1/armv7e-m/fpu\libgcc.a(_arm_unorddf2.o)
                0x08000da4                __unorddf2
                0x08000da4                __aeabi_dcmpun
 .text          0x08000dd0       0x50 c:/progra~2/gnutoo~1/50a5a~1.420/bin/../lib/gcc/arm-none-eabi/5.4.1/armv7e-m/fpu\libgcc.a(_arm_fixdfsi.o)
                0x08000dd0                __aeabi_d2iz
                0x08000dd0                __fixdfsi
 .text          0x08000e20       0x30 c:/progra~2/gnutoo~1/50a5a~1.420/bin/../lib/gcc/arm-none-eabi/5.4.1/armv7e-m/fpu\libgcc.a(_aeabi_uldivmod.o)
                0x08000e20                __aeabi_uldivmod
 .text          0x08000e50      0x2e4 c:/progra~2/gnutoo~1/50a5a~1.420/bin/../lib/gcc/arm-none-eabi/5.4.1/armv7e-m/fpu\libgcc.a(_udivmoddi4.o)
                0x08000e50                __udivmoddi4
 .text          0x08001134        0x4 c:/progra~2/gnutoo~1/50a5a~1.420/bin/../lib/gcc/arm-none-eabi/5.4.1/armv7e-m/fpu\libgcc.a(_dvmd_tls.o)
                0x08001134                __aeabi_idiv0
                0x08001134                __aeabi_ldiv0
 *(.text*)
 .text.delay_init
                0x08001138       0x2c CMakeFiles/STMF407ZGT6.elf.dir/APP/delay/delay.c.obj
                0x08001138                delay_init
 .text.delay_xms
                0x08001164       0x3c CMakeFiles/STMF407ZGT6.elf.dir/APP/delay/delay.c.obj
                0x08001164                delay_xms
 .text.delay_ms
                0x080011a0       0x38 CMakeFiles/STMF407ZGT6.elf.dir/APP/delay/delay.c.obj
                0x080011a0                delay_ms
 .text.LED_Init
                0x080011d8       0x44 CMakeFiles/STMF407ZGT6.elf.dir/APP/led/led.c.obj
                0x080011d8                LED_Init
 .text._read    0x0800121c       0x20 CMakeFiles/STMF407ZGT6.elf.dir/APP/sys/sys.c.obj
                0x0800121c                _read
 .text._write   0x0800123c       0x1c CMakeFiles/STMF407ZGT6.elf.dir/APP/sys/sys.c.obj
                0x0800123c                _write
 .text._sbrk    0x08001258       0x38 CMakeFiles/STMF407ZGT6.elf.dir/APP/sys/sys.c.obj
                0x08001258                _sbrk
 .text._close   0x08001290        0x8 CMakeFiles/STMF407ZGT6.elf.dir/APP/sys/sys.c.obj
                0x08001290                _close
 .text._fstat   0x08001298        0xc CMakeFiles/STMF407ZGT6.elf.dir/APP/sys/sys.c.obj
                0x08001298                _fstat
 .text._isatty  0x080012a4        0x4 CMakeFiles/STMF407ZGT6.elf.dir/APP/sys/sys.c.obj
                0x080012a4                _isatty
 .text._lseek   0x080012a8        0x4 CMakeFiles/STMF407ZGT6.elf.dir/APP/sys/sys.c.obj
                0x080012a8                _lseek
 .text.uart_init
                0x080012ac       0xb8 CMakeFiles/STMF407ZGT6.elf.dir/APP/usart/usart.c.obj
                0x080012ac                uart_init
 .text.USART1_IRQHandler
                0x08001364       0x7c CMakeFiles/STMF407ZGT6.elf.dir/APP/usart/usart.c.obj
                0x08001364                USART1_IRQHandler
 .text.__io_putchar
                0x080013e0       0x20 CMakeFiles/STMF407ZGT6.elf.dir/APP/usart/usart.c.obj
                0x080013e0                __io_putchar
 .text.__io_getchar
                0x08001400       0x1c CMakeFiles/STMF407ZGT6.elf.dir/APP/usart/usart.c.obj
                0x08001400                __io_getchar
 .text.vListInsertEnd
                0x0800141c       0x18 CMakeFiles/STMF407ZGT6.elf.dir/FreeRTOS/list.c.obj
                0x0800141c                vListInsertEnd
 .text.uxListRemove
                0x08001434       0x24 CMakeFiles/STMF407ZGT6.elf.dir/FreeRTOS/list.c.obj
                0x08001434                uxListRemove
 *fill*         0x08001458        0x8 
 .text.SVC_Handler
                0x08001460       0x24 CMakeFiles/STMF407ZGT6.elf.dir/FreeRTOS/portable/GCC/ARM_CM4F/port.c.obj
                0x08001460                SVC_Handler
 *fill*         0x08001484        0xc 
 .text.PendSV_Handler
                0x08001490       0x64 CMakeFiles/STMF407ZGT6.elf.dir/FreeRTOS/portable/GCC/ARM_CM4F/port.c.obj
                0x08001490                PendSV_Handler
 .text.SysTick_Handler
                0x080014f4       0x2c CMakeFiles/STMF407ZGT6.elf.dir/FreeRTOS/portable/GCC/ARM_CM4F/port.c.obj
                0x080014f4                SysTick_Handler
 .text.prvResetNextTaskUnblockTime
                0x08001520       0x34 CMakeFiles/STMF407ZGT6.elf.dir/FreeRTOS/tasks.c.obj
 .text.xTaskIncrementTick
                0x08001554      0x124 CMakeFiles/STMF407ZGT6.elf.dir/FreeRTOS/tasks.c.obj
                0x08001554                xTaskIncrementTick
 .text.vTaskSwitchContext
                0x08001678       0x94 CMakeFiles/STMF407ZGT6.elf.dir/FreeRTOS/tasks.c.obj
                0x08001678                vTaskSwitchContext
 .text.NVIC_PriorityGroupConfig
                0x0800170c       0x14 CMakeFiles/STMF407ZGT6.elf.dir/Libraries/STM32F407x.Stdperiph_Driver/src/misc.c.obj
                0x0800170c                NVIC_PriorityGroupConfig
 .text.NVIC_Init
                0x08001720       0x70 CMakeFiles/STMF407ZGT6.elf.dir/Libraries/STM32F407x.Stdperiph_Driver/src/misc.c.obj
                0x08001720                NVIC_Init
 .text.SysTick_CLKSourceConfig
                0x08001790       0x20 CMakeFiles/STMF407ZGT6.elf.dir/Libraries/STM32F407x.Stdperiph_Driver/src/misc.c.obj
                0x08001790                SysTick_CLKSourceConfig
 .text.GPIO_Init
                0x080017b0       0x84 CMakeFiles/STMF407ZGT6.elf.dir/Libraries/STM32F407x.Stdperiph_Driver/src/stm32f4xx_gpio.c.obj
                0x080017b0                GPIO_Init
 .text.GPIO_SetBits
                0x08001834        0x4 CMakeFiles/STMF407ZGT6.elf.dir/Libraries/STM32F407x.Stdperiph_Driver/src/stm32f4xx_gpio.c.obj
                0x08001834                GPIO_SetBits
 .text.GPIO_PinAFConfig
                0x08001838       0x30 CMakeFiles/STMF407ZGT6.elf.dir/Libraries/STM32F407x.Stdperiph_Driver/src/stm32f4xx_gpio.c.obj
                0x08001838                GPIO_PinAFConfig
 .text.RCC_GetClocksFreq
                0x08001868       0xb8 CMakeFiles/STMF407ZGT6.elf.dir/Libraries/STM32F407x.Stdperiph_Driver/src/stm32f4xx_rcc.c.obj
                0x08001868                RCC_GetClocksFreq
 .text.RCC_AHB1PeriphClockCmd
                0x08001920       0x1c CMakeFiles/STMF407ZGT6.elf.dir/Libraries/STM32F407x.Stdperiph_Driver/src/stm32f4xx_rcc.c.obj
                0x08001920                RCC_AHB1PeriphClockCmd
 .text.RCC_APB2PeriphClockCmd
                0x0800193c       0x1c CMakeFiles/STMF407ZGT6.elf.dir/Libraries/STM32F407x.Stdperiph_Driver/src/stm32f4xx_rcc.c.obj
                0x0800193c                RCC_APB2PeriphClockCmd
 .text.USART_Init
                0x08001958       0xd0 CMakeFiles/STMF407ZGT6.elf.dir/Libraries/STM32F407x.Stdperiph_Driver/src/stm32f4xx_usart.c.obj
                0x08001958                USART_Init
 .text.USART_Cmd
                0x08001a28       0x1c CMakeFiles/STMF407ZGT6.elf.dir/Libraries/STM32F407x.Stdperiph_Driver/src/stm32f4xx_usart.c.obj
                0x08001a28                USART_Cmd
 .text.USART_SendData
                0x08001a44        0x8 CMakeFiles/STMF407ZGT6.elf.dir/Libraries/STM32F407x.Stdperiph_Driver/src/stm32f4xx_usart.c.obj
                0x08001a44                USART_SendData
 .text.USART_ReceiveData
                0x08001a4c        0x8 CMakeFiles/STMF407ZGT6.elf.dir/Libraries/STM32F407x.Stdperiph_Driver/src/stm32f4xx_usart.c.obj
                0x08001a4c                USART_ReceiveData
 .text.USART_ITConfig
                0x08001a54       0x3c CMakeFiles/STMF407ZGT6.elf.dir/Libraries/STM32F407x.Stdperiph_Driver/src/stm32f4xx_usart.c.obj
                0x08001a54                USART_ITConfig
 .text.USART_GetFlagStatus
                0x08001a90       0x10 CMakeFiles/STMF407ZGT6.elf.dir/Libraries/STM32F407x.Stdperiph_Driver/src/stm32f4xx_usart.c.obj
                0x08001a90                USART_GetFlagStatus
 .text.USART_ClearFlag
                0x08001aa0        0x8 CMakeFiles/STMF407ZGT6.elf.dir/Libraries/STM32F407x.Stdperiph_Driver/src/stm32f4xx_usart.c.obj
                0x08001aa0                USART_ClearFlag
 .text.USART_GetITStatus
                0x08001aa8       0x50 CMakeFiles/STMF407ZGT6.elf.dir/Libraries/STM32F407x.Stdperiph_Driver/src/stm32f4xx_usart.c.obj
                0x08001aa8                USART_GetITStatus
 .text.main     0x08001af8       0xac CMakeFiles/STMF407ZGT6.elf.dir/USER/main.c.obj
                0x08001af8                main
 .text.NMI_Handler
                0x08001ba4        0x4 CMakeFiles/STMF407ZGT6.elf.dir/USER/stm32f4xx_it.c.obj
                0x08001ba4                NMI_Handler
 .text.HardFault_Handler
                0x08001ba8        0x4 CMakeFiles/STMF407ZGT6.elf.dir/USER/stm32f4xx_it.c.obj
                0x08001ba8                HardFault_Handler
 .text.MemManage_Handler
                0x08001bac        0x4 CMakeFiles/STMF407ZGT6.elf.dir/USER/stm32f4xx_it.c.obj
                0x08001bac                MemManage_Handler
 .text.BusFault_Handler
                0x08001bb0        0x4 CMakeFiles/STMF407ZGT6.elf.dir/USER/stm32f4xx_it.c.obj
                0x08001bb0                BusFault_Handler
 .text.UsageFault_Handler
                0x08001bb4        0x4 CMakeFiles/STMF407ZGT6.elf.dir/USER/stm32f4xx_it.c.obj
                0x08001bb4                UsageFault_Handler
 .text.DebugMon_Handler
                0x08001bb8        0x4 CMakeFiles/STMF407ZGT6.elf.dir/USER/stm32f4xx_it.c.obj
                0x08001bb8                DebugMon_Handler
 .text.SetSysClock
                0x08001bbc       0xc4 CMakeFiles/STMF407ZGT6.elf.dir/USER/system_stm32f4xx.c.obj
 .text.SystemInit
                0x08001c80       0x50 CMakeFiles/STMF407ZGT6.elf.dir/USER/system_stm32f4xx.c.obj
                0x08001c80                SystemInit
 .text.Reset_Handler
                0x08001cd0       0x50 CMakeFiles/STMF407ZGT6.elf.dir/startup/startup_stm32f407xx.s.obj
                0x08001cd0                Reset_Handler
 .text.Default_Handler
                0x08001d20        0x2 CMakeFiles/STMF407ZGT6.elf.dir/startup/startup_stm32f407xx.s.obj
                0x08001d20                RTC_Alarm_IRQHandler
                0x08001d20                HASH_RNG_IRQHandler
                0x08001d20                EXTI2_IRQHandler
                0x08001d20                TIM8_CC_IRQHandler
                0x08001d20                TIM1_CC_IRQHandler
                0x08001d20                DMA2_Stream5_IRQHandler
                0x08001d20                DMA1_Stream5_IRQHandler
                0x08001d20                PVD_IRQHandler
                0x08001d20                SDIO_IRQHandler
                0x08001d20                TAMP_STAMP_IRQHandler
                0x08001d20                CAN2_RX1_IRQHandler
                0x08001d20                EXTI3_IRQHandler
                0x08001d20                TIM8_TRG_COM_TIM14_IRQHandler
                0x08001d20                TIM1_UP_TIM10_IRQHandler
                0x08001d20                TIM8_UP_TIM13_IRQHandler
                0x08001d20                I2C3_ER_IRQHandler
                0x08001d20                EXTI0_IRQHandler
                0x08001d20                I2C2_EV_IRQHandler
                0x08001d20                DMA1_Stream2_IRQHandler
                0x08001d20                CAN1_RX0_IRQHandler
                0x08001d20                FPU_IRQHandler
                0x08001d20                OTG_HS_WKUP_IRQHandler
                0x08001d20                CAN2_SCE_IRQHandler
                0x08001d20                DMA2_Stream2_IRQHandler
                0x08001d20                SPI1_IRQHandler
                0x08001d20                TIM6_DAC_IRQHandler
                0x08001d20                TIM1_BRK_TIM9_IRQHandler
                0x08001d20                DCMI_IRQHandler
                0x08001d20                CAN2_RX0_IRQHandler
                0x08001d20                DMA2_Stream3_IRQHandler
                0x08001d20                USART6_IRQHandler
                0x08001d20                USART3_IRQHandler
                0x08001d20                CAN1_RX1_IRQHandler
                0x08001d20                UART5_IRQHandler
                0x08001d20                DMA2_Stream0_IRQHandler
                0x08001d20                TIM4_IRQHandler
                0x08001d20                I2C1_EV_IRQHandler
                0x08001d20                DMA1_Stream6_IRQHandler
                0x08001d20                DMA1_Stream1_IRQHandler
                0x08001d20                UART4_IRQHandler
                0x08001d20                TIM3_IRQHandler
                0x08001d20                RCC_IRQHandler
                0x08001d20                TIM8_BRK_TIM12_IRQHandler
                0x08001d20                Default_Handler
                0x08001d20                EXTI15_10_IRQHandler
                0x08001d20                ADC_IRQHandler
                0x08001d20                DMA1_Stream7_IRQHandler
                0x08001d20                TIM7_IRQHandler
                0x08001d20                CAN2_TX_IRQHandler
                0x08001d20                TIM5_IRQHandler
                0x08001d20                DMA2_Stream7_IRQHandler
                0x08001d20                I2C3_EV_IRQHandler
                0x08001d20                EXTI9_5_IRQHandler
                0x08001d20                RTC_WKUP_IRQHandler
                0x08001d20                ETH_WKUP_IRQHandler
                0x08001d20                SPI2_IRQHandler
                0x08001d20                OTG_HS_EP1_IN_IRQHandler
                0x08001d20                DMA1_Stream0_IRQHandler
                0x08001d20                CAN1_TX_IRQHandler
                0x08001d20                EXTI4_IRQHandler
                0x08001d20                FSMC_IRQHandler
                0x08001d20                ETH_IRQHandler
                0x08001d20                OTG_HS_EP1_OUT_IRQHandler
                0x08001d20                WWDG_IRQHandler
                0x08001d20                TIM2_IRQHandler
                0x08001d20                OTG_FS_WKUP_IRQHandler
                0x08001d20                TIM1_TRG_COM_TIM11_IRQHandler
                0x08001d20                OTG_HS_IRQHandler
                0x08001d20                EXTI1_IRQHandler
                0x08001d20                USART2_IRQHandler
                0x08001d20                I2C2_ER_IRQHandler
                0x08001d20                DMA2_Stream1_IRQHandler
                0x08001d20                CAN1_SCE_IRQHandler
                0x08001d20                FLASH_IRQHandler
                0x08001d20                DMA2_Stream4_IRQHandler
                0x08001d20                OTG_FS_IRQHandler
                0x08001d20                SPI3_IRQHandler
                0x08001d20                DMA1_Stream4_IRQHandler
                0x08001d20                I2C1_ER_IRQHandler
                0x08001d20                DMA2_Stream6_IRQHandler
                0x08001d20                DMA1_Stream3_IRQHandler
 *fill*         0x08001d22        0x2 
 .text.__errno  0x08001d24        0xc c:/progra~2/gnutoo~1/50a5a~1.420/bin/../lib/gcc/arm-none-eabi/5.4.1/../../../../arm-none-eabi/lib/armv7e-m/fpu\libc.a(lib_a-errno.o)
                0x08001d24                __errno
 .text.__libc_init_array
                0x08001d30       0x50 c:/progra~2/gnutoo~1/50a5a~1.420/bin/../lib/gcc/arm-none-eabi/5.4.1/../../../../arm-none-eabi/lib/armv7e-m/fpu\libc.a(lib_a-init.o)
                0x08001d30                __libc_init_array
 .text.memset   0x08001d80       0x9c c:/progra~2/gnutoo~1/50a5a~1.420/bin/../lib/gcc/arm-none-eabi/5.4.1/../../../../arm-none-eabi/lib/armv7e-m/fpu\libc.a(lib_a-memset.o)
                0x08001d80                memset
 .text.printf   0x08001e1c       0x28 c:/progra~2/gnutoo~1/50a5a~1.420/bin/../lib/gcc/arm-none-eabi/5.4.1/../../../../arm-none-eabi/lib/armv7e-m/fpu\libc.a(lib_a-printf.o)
                0x08001e1c                printf
 .text._puts_r  0x08001e44       0x68 c:/progra~2/gnutoo~1/50a5a~1.420/bin/../lib/gcc/arm-none-eabi/5.4.1/../../../../arm-none-eabi/lib/armv7e-m/fpu\libc.a(lib_a-puts.o)
                0x08001e44                _puts_r
 .text.puts     0x08001eac       0x10 c:/progra~2/gnutoo~1/50a5a~1.420/bin/../lib/gcc/arm-none-eabi/5.4.1/../../../../arm-none-eabi/lib/armv7e-m/fpu\libc.a(lib_a-puts.o)
                0x08001eac                puts
 *fill*         0x08001ebc        0x4 
 .text._vfprintf_r
                0x08001ec0     0x1728 c:/progra~2/gnutoo~1/50a5a~1.420/bin/../lib/gcc/arm-none-eabi/5.4.1/../../../../arm-none-eabi/lib/armv7e-m/fpu\libc.a(lib_a-vfprintf.o)
                0x08001ec0                _vfprintf_r
 .text.__sbprintf
                0x080035e8       0x6c c:/progra~2/gnutoo~1/50a5a~1.420/bin/../lib/gcc/arm-none-eabi/5.4.1/../../../../arm-none-eabi/lib/armv7e-m/fpu\libc.a(lib_a-vfprintf.o)
 .text.__swsetup_r
                0x08003654       0xc8 c:/progra~2/gnutoo~1/50a5a~1.420/bin/../lib/gcc/arm-none-eabi/5.4.1/../../../../arm-none-eabi/lib/armv7e-m/fpu\libc.a(lib_a-wsetup.o)
                0x08003654                __swsetup_r
 .text.startup.register_fini
                0x0800371c       0x14 c:/progra~2/gnutoo~1/50a5a~1.420/bin/../lib/gcc/arm-none-eabi/5.4.1/../../../../arm-none-eabi/lib/armv7e-m/fpu\libc.a(lib_a-__call_atexit.o)
 .text.atexit   0x08003730        0xc c:/progra~2/gnutoo~1/50a5a~1.420/bin/../lib/gcc/arm-none-eabi/5.4.1/../../../../arm-none-eabi/lib/armv7e-m/fpu\libc.a(lib_a-atexit.o)
                0x08003730                atexit
 .text.quorem   0x0800373c      0x128 c:/progra~2/gnutoo~1/50a5a~1.420/bin/../lib/gcc/arm-none-eabi/5.4.1/../../../../arm-none-eabi/lib/armv7e-m/fpu\libc.a(lib_a-dtoa.o)
 *fill*         0x08003864        0x4 
 .text._dtoa_r  0x08003868      0xe34 c:/progra~2/gnutoo~1/50a5a~1.420/bin/../lib/gcc/arm-none-eabi/5.4.1/../../../../arm-none-eabi/lib/armv7e-m/fpu\libc.a(lib_a-dtoa.o)
                0x08003868                _dtoa_r
 .text.__sflush_r
                0x0800469c      0x148 c:/progra~2/gnutoo~1/50a5a~1.420/bin/../lib/gcc/arm-none-eabi/5.4.1/../../../../arm-none-eabi/lib/armv7e-m/fpu\libc.a(lib_a-fflush.o)
                0x0800469c                __sflush_r
 .text._fflush_r
                0x080047e4       0x2c c:/progra~2/gnutoo~1/50a5a~1.420/bin/../lib/gcc/arm-none-eabi/5.4.1/../../../../arm-none-eabi/lib/armv7e-m/fpu\libc.a(lib_a-fflush.o)
                0x080047e4                _fflush_r
 .text._cleanup_r
                0x08004810        0xc c:/progra~2/gnutoo~1/50a5a~1.420/bin/../lib/gcc/arm-none-eabi/5.4.1/../../../../arm-none-eabi/lib/armv7e-m/fpu\libc.a(lib_a-findfp.o)
                0x08004810                _cleanup_r
 .text.__sinit.part.1
                0x0800481c       0xf0 c:/progra~2/gnutoo~1/50a5a~1.420/bin/../lib/gcc/arm-none-eabi/5.4.1/../../../../arm-none-eabi/lib/armv7e-m/fpu\libc.a(lib_a-findfp.o)
 .text.__sinit  0x0800490c        0xc c:/progra~2/gnutoo~1/50a5a~1.420/bin/../lib/gcc/arm-none-eabi/5.4.1/../../../../arm-none-eabi/lib/armv7e-m/fpu\libc.a(lib_a-findfp.o)
                0x0800490c                __sinit
 .text.__sfp_lock_acquire
                0x08004918        0x4 c:/progra~2/gnutoo~1/50a5a~1.420/bin/../lib/gcc/arm-none-eabi/5.4.1/../../../../arm-none-eabi/lib/armv7e-m/fpu\libc.a(lib_a-findfp.o)
                0x08004918                __sfp_lock_acquire
 .text.__sfp_lock_release
                0x0800491c        0x4 c:/progra~2/gnutoo~1/50a5a~1.420/bin/../lib/gcc/arm-none-eabi/5.4.1/../../../../arm-none-eabi/lib/armv7e-m/fpu\libc.a(lib_a-findfp.o)
                0x0800491c                __sfp_lock_release
 .text.__libc_fini_array
                0x08004920       0x28 c:/progra~2/gnutoo~1/50a5a~1.420/bin/../lib/gcc/arm-none-eabi/5.4.1/../../../../arm-none-eabi/lib/armv7e-m/fpu\libc.a(lib_a-fini.o)
                0x08004920                __libc_fini_array
 .text._malloc_trim_r
                0x08004948       0x9c c:/progra~2/gnutoo~1/50a5a~1.420/bin/../lib/gcc/arm-none-eabi/5.4.1/../../../../arm-none-eabi/lib/armv7e-m/fpu\libc.a(lib_a-freer.o)
                0x08004948                _malloc_trim_r
 .text._free_r  0x080049e4      0x1d0 c:/progra~2/gnutoo~1/50a5a~1.420/bin/../lib/gcc/arm-none-eabi/5.4.1/../../../../arm-none-eabi/lib/armv7e-m/fpu\libc.a(lib_a-freer.o)
                0x080049e4                _free_r
 .text.__sfvwrite_r
                0x08004bb4      0x304 c:/progra~2/gnutoo~1/50a5a~1.420/bin/../lib/gcc/arm-none-eabi/5.4.1/../../../../arm-none-eabi/lib/armv7e-m/fpu\libc.a(lib_a-fvwrite.o)
                0x08004bb4                __sfvwrite_r
 .text._fwalk_reent
                0x08004eb8       0x54 c:/progra~2/gnutoo~1/50a5a~1.420/bin/../lib/gcc/arm-none-eabi/5.4.1/../../../../arm-none-eabi/lib/armv7e-m/fpu\libc.a(lib_a-fwalk.o)
                0x08004eb8                _fwalk_reent
 .text._localeconv_r
                0x08004f0c       0x1c c:/progra~2/gnutoo~1/50a5a~1.420/bin/../lib/gcc/arm-none-eabi/5.4.1/../../../../arm-none-eabi/lib/armv7e-m/fpu\libc.a(lib_a-localeconv.o)
                0x08004f0c                _localeconv_r
 .text.__swhatbuf_r
                0x08004f28       0x60 c:/progra~2/gnutoo~1/50a5a~1.420/bin/../lib/gcc/arm-none-eabi/5.4.1/../../../../arm-none-eabi/lib/armv7e-m/fpu\libc.a(lib_a-makebuf.o)
                0x08004f28                __swhatbuf_r
 .text.__smakebuf_r
                0x08004f88       0x88 c:/progra~2/gnutoo~1/50a5a~1.420/bin/../lib/gcc/arm-none-eabi/5.4.1/../../../../arm-none-eabi/lib/armv7e-m/fpu\libc.a(lib_a-makebuf.o)
                0x08004f88                __smakebuf_r
 .text._malloc_r
                0x08005010      0x570 c:/progra~2/gnutoo~1/50a5a~1.420/bin/../lib/gcc/arm-none-eabi/5.4.1/../../../../arm-none-eabi/lib/armv7e-m/fpu\libc.a(lib_a-mallocr.o)
                0x08005010                _malloc_r
 .text.memmove  0x08005580       0xc8 c:/progra~2/gnutoo~1/50a5a~1.420/bin/../lib/gcc/arm-none-eabi/5.4.1/../../../../arm-none-eabi/lib/armv7e-m/fpu\libc.a(lib_a-memmove.o)
                0x08005580                memmove
 .text.__malloc_lock
                0x08005648        0x4 c:/progra~2/gnutoo~1/50a5a~1.420/bin/../lib/gcc/arm-none-eabi/5.4.1/../../../../arm-none-eabi/lib/armv7e-m/fpu\libc.a(lib_a-mlock.o)
                0x08005648                __malloc_lock
 .text.__malloc_unlock
                0x0800564c        0x4 c:/progra~2/gnutoo~1/50a5a~1.420/bin/../lib/gcc/arm-none-eabi/5.4.1/../../../../arm-none-eabi/lib/armv7e-m/fpu\libc.a(lib_a-mlock.o)
                0x0800564c                __malloc_unlock
 .text._Balloc  0x08005650       0x4c c:/progra~2/gnutoo~1/50a5a~1.420/bin/../lib/gcc/arm-none-eabi/5.4.1/../../../../arm-none-eabi/lib/armv7e-m/fpu\libc.a(lib_a-mprec.o)
                0x08005650                _Balloc
 .text._Bfree   0x0800569c       0x14 c:/progra~2/gnutoo~1/50a5a~1.420/bin/../lib/gcc/arm-none-eabi/5.4.1/../../../../arm-none-eabi/lib/armv7e-m/fpu\libc.a(lib_a-mprec.o)
                0x0800569c                _Bfree
 .text.__multadd
                0x080056b0       0x80 c:/progra~2/gnutoo~1/50a5a~1.420/bin/../lib/gcc/arm-none-eabi/5.4.1/../../../../arm-none-eabi/lib/armv7e-m/fpu\libc.a(lib_a-mprec.o)
                0x080056b0                __multadd
 .text.__hi0bits
                0x08005730       0x40 c:/progra~2/gnutoo~1/50a5a~1.420/bin/../lib/gcc/arm-none-eabi/5.4.1/../../../../arm-none-eabi/lib/armv7e-m/fpu\libc.a(lib_a-mprec.o)
                0x08005730                __hi0bits
 .text.__lo0bits
                0x08005770       0x5c c:/progra~2/gnutoo~1/50a5a~1.420/bin/../lib/gcc/arm-none-eabi/5.4.1/../../../../arm-none-eabi/lib/armv7e-m/fpu\libc.a(lib_a-mprec.o)
                0x08005770                __lo0bits
 .text.__i2b    0x080057cc       0x14 c:/progra~2/gnutoo~1/50a5a~1.420/bin/../lib/gcc/arm-none-eabi/5.4.1/../../../../arm-none-eabi/lib/armv7e-m/fpu\libc.a(lib_a-mprec.o)
                0x080057cc                __i2b
 .text.__multiply
                0x080057e0      0x130 c:/progra~2/gnutoo~1/50a5a~1.420/bin/../lib/gcc/arm-none-eabi/5.4.1/../../../../arm-none-eabi/lib/armv7e-m/fpu\libc.a(lib_a-mprec.o)
                0x080057e0                __multiply
 .text.__pow5mult
                0x08005910       0xa0 c:/progra~2/gnutoo~1/50a5a~1.420/bin/../lib/gcc/arm-none-eabi/5.4.1/../../../../arm-none-eabi/lib/armv7e-m/fpu\libc.a(lib_a-mprec.o)
                0x08005910                __pow5mult
 .text.__lshift
                0x080059b0       0xb0 c:/progra~2/gnutoo~1/50a5a~1.420/bin/../lib/gcc/arm-none-eabi/5.4.1/../../../../arm-none-eabi/lib/armv7e-m/fpu\libc.a(lib_a-mprec.o)
                0x080059b0                __lshift
 .text.__mcmp   0x08005a60       0x44 c:/progra~2/gnutoo~1/50a5a~1.420/bin/../lib/gcc/arm-none-eabi/5.4.1/../../../../arm-none-eabi/lib/armv7e-m/fpu\libc.a(lib_a-mprec.o)
                0x08005a60                __mcmp
 .text.__mdiff  0x08005aa4      0x114 c:/progra~2/gnutoo~1/50a5a~1.420/bin/../lib/gcc/arm-none-eabi/5.4.1/../../../../arm-none-eabi/lib/armv7e-m/fpu\libc.a(lib_a-mprec.o)
                0x08005aa4                __mdiff
 .text.__d2b    0x08005bb8       0xbc c:/progra~2/gnutoo~1/50a5a~1.420/bin/../lib/gcc/arm-none-eabi/5.4.1/../../../../arm-none-eabi/lib/armv7e-m/fpu\libc.a(lib_a-mprec.o)
                0x08005bb8                __d2b
 .text._realloc_r
                0x08005c74      0x3e0 c:/progra~2/gnutoo~1/50a5a~1.420/bin/../lib/gcc/arm-none-eabi/5.4.1/../../../../arm-none-eabi/lib/armv7e-m/fpu\libc.a(lib_a-reallocr.o)
                0x08005c74                _realloc_r
 .text._sbrk_r  0x08006054       0x24 c:/progra~2/gnutoo~1/50a5a~1.420/bin/../lib/gcc/arm-none-eabi/5.4.1/../../../../arm-none-eabi/lib/armv7e-m/fpu\libc.a(lib_a-sbrkr.o)
                0x08006054                _sbrk_r
 .text.__sread  0x08006078       0x24 c:/progra~2/gnutoo~1/50a5a~1.420/bin/../lib/gcc/arm-none-eabi/5.4.1/../../../../arm-none-eabi/lib/armv7e-m/fpu\libc.a(lib_a-stdio.o)
                0x08006078                __sread
 .text.__swrite
                0x0800609c       0x3c c:/progra~2/gnutoo~1/50a5a~1.420/bin/../lib/gcc/arm-none-eabi/5.4.1/../../../../arm-none-eabi/lib/armv7e-m/fpu\libc.a(lib_a-stdio.o)
                0x0800609c                __swrite
 .text.__sseek  0x080060d8       0x20 c:/progra~2/gnutoo~1/50a5a~1.420/bin/../lib/gcc/arm-none-eabi/5.4.1/../../../../arm-none-eabi/lib/armv7e-m/fpu\libc.a(lib_a-stdio.o)
                0x080060d8                __sseek
 .text.__sclose
                0x080060f8        0x8 c:/progra~2/gnutoo~1/50a5a~1.420/bin/../lib/gcc/arm-none-eabi/5.4.1/../../../../arm-none-eabi/lib/armv7e-m/fpu\libc.a(lib_a-stdio.o)
                0x080060f8                __sclose
 .text.__sprint_r.part.0
                0x08006100       0x78 c:/progra~2/gnutoo~1/50a5a~1.420/bin/../lib/gcc/arm-none-eabi/5.4.1/../../../../arm-none-eabi/lib/armv7e-m/fpu\libc.a(lib_a-vfiprintf.o)
 .text.__sprint_r
                0x08006178       0x14 c:/progra~2/gnutoo~1/50a5a~1.420/bin/../lib/gcc/arm-none-eabi/5.4.1/../../../../arm-none-eabi/lib/armv7e-m/fpu\libc.a(lib_a-vfiprintf.o)
                0x08006178                __sprint_r
 .text._write_r
                0x0800618c       0x2c c:/progra~2/gnutoo~1/50a5a~1.420/bin/../lib/gcc/arm-none-eabi/5.4.1/../../../../arm-none-eabi/lib/armv7e-m/fpu\libc.a(lib_a-writer.o)
                0x0800618c                _write_r
 .text.__register_exitproc
                0x080061b8       0xa4 c:/progra~2/gnutoo~1/50a5a~1.420/bin/../lib/gcc/arm-none-eabi/5.4.1/../../../../arm-none-eabi/lib/armv7e-m/fpu\libc.a(lib_a-__atexit.o)
                0x080061b8                __register_exitproc
 .text._calloc_r
                0x0800625c       0x60 c:/progra~2/gnutoo~1/50a5a~1.420/bin/../lib/gcc/arm-none-eabi/5.4.1/../../../../arm-none-eabi/lib/armv7e-m/fpu\libc.a(lib_a-callocr.o)
                0x0800625c                _calloc_r
 .text._close_r
                0x080062bc       0x24 c:/progra~2/gnutoo~1/50a5a~1.420/bin/../lib/gcc/arm-none-eabi/5.4.1/../../../../arm-none-eabi/lib/armv7e-m/fpu\libc.a(lib_a-closer.o)
                0x080062bc                _close_r
 .text._fclose_r
                0x080062e0       0x84 c:/progra~2/gnutoo~1/50a5a~1.420/bin/../lib/gcc/arm-none-eabi/5.4.1/../../../../arm-none-eabi/lib/armv7e-m/fpu\libc.a(lib_a-fclose.o)
                0x080062e0                _fclose_r
 .text.__fputwc
                0x08006364       0x98 c:/progra~2/gnutoo~1/50a5a~1.420/bin/../lib/gcc/arm-none-eabi/5.4.1/../../../../arm-none-eabi/lib/armv7e-m/fpu\libc.a(lib_a-fputwc.o)
                0x08006364                __fputwc
 .text._fputwc_r
                0x080063fc       0x28 c:/progra~2/gnutoo~1/50a5a~1.420/bin/../lib/gcc/arm-none-eabi/5.4.1/../../../../arm-none-eabi/lib/armv7e-m/fpu\libc.a(lib_a-fputwc.o)
                0x080063fc                _fputwc_r
 .text._fstat_r
                0x08006424       0x28 c:/progra~2/gnutoo~1/50a5a~1.420/bin/../lib/gcc/arm-none-eabi/5.4.1/../../../../arm-none-eabi/lib/armv7e-m/fpu\libc.a(lib_a-fstatr.o)
                0x08006424                _fstat_r
 .text._isatty_r
                0x0800644c       0x24 c:/progra~2/gnutoo~1/50a5a~1.420/bin/../lib/gcc/arm-none-eabi/5.4.1/../../../../arm-none-eabi/lib/armv7e-m/fpu\libc.a(lib_a-isattyr.o)
                0x0800644c                _isatty_r
 .text.__locale_mb_cur_max
                0x08006470       0x1c c:/progra~2/gnutoo~1/50a5a~1.420/bin/../lib/gcc/arm-none-eabi/5.4.1/../../../../arm-none-eabi/lib/armv7e-m/fpu\libc.a(lib_a-locale.o)
                0x08006470                __locale_mb_cur_max
 .text._lseek_r
                0x0800648c       0x2c c:/progra~2/gnutoo~1/50a5a~1.420/bin/../lib/gcc/arm-none-eabi/5.4.1/../../../../arm-none-eabi/lib/armv7e-m/fpu\libc.a(lib_a-lseekr.o)
                0x0800648c                _lseek_r
 .text.__ascii_mbtowc
                0x080064b8       0x2c c:/progra~2/gnutoo~1/50a5a~1.420/bin/../lib/gcc/arm-none-eabi/5.4.1/../../../../arm-none-eabi/lib/armv7e-m/fpu\libc.a(lib_a-mbtowc_r.o)
                0x080064b8                __ascii_mbtowc
 .text._read_r  0x080064e4       0x2c c:/progra~2/gnutoo~1/50a5a~1.420/bin/../lib/gcc/arm-none-eabi/5.4.1/../../../../arm-none-eabi/lib/armv7e-m/fpu\libc.a(lib_a-readr.o)
                0x080064e4                _read_r
 .text.__swbuf_r
                0x08006510       0xac c:/progra~2/gnutoo~1/50a5a~1.420/bin/../lib/gcc/arm-none-eabi/5.4.1/../../../../arm-none-eabi/lib/armv7e-m/fpu\libc.a(lib_a-wbuf.o)
                0x08006510                __swbuf_r
 .text._wcrtomb_r
                0x080065bc       0x54 c:/progra~2/gnutoo~1/50a5a~1.420/bin/../lib/gcc/arm-none-eabi/5.4.1/../../../../arm-none-eabi/lib/armv7e-m/fpu\libc.a(lib_a-wcrtomb.o)
                0x080065bc                _wcrtomb_r
 .text.__ascii_wctomb
                0x08006610       0x1c c:/progra~2/gnutoo~1/50a5a~1.420/bin/../lib/gcc/arm-none-eabi/5.4.1/../../../../arm-none-eabi/lib/armv7e-m/fpu\libc.a(lib_a-wctomb_r.o)
                0x08006610                __ascii_wctomb
 *(.glue_7)
 .glue_7        0x0800662c        0x0 linker stubs
 *(.glue_7t)
 .glue_7t       0x0800662c        0x0 linker stubs
 *(.eh_frame)
 .eh_frame      0x0800662c        0x0 c:/progra~2/gnutoo~1/50a5a~1.420/bin/../lib/gcc/arm-none-eabi/5.4.1/armv7e-m/fpu/crtbegin.o
 *(.init)
 .init          0x0800662c        0x4 c:/progra~2/gnutoo~1/50a5a~1.420/bin/../lib/gcc/arm-none-eabi/5.4.1/armv7e-m/fpu/crti.o
                0x0800662c                _init
 .init          0x08006630        0x8 c:/progra~2/gnutoo~1/50a5a~1.420/bin/../lib/gcc/arm-none-eabi/5.4.1/armv7e-m/fpu/crtn.o
 *(.fini)
 .fini          0x08006638        0x4 c:/progra~2/gnutoo~1/50a5a~1.420/bin/../lib/gcc/arm-none-eabi/5.4.1/armv7e-m/fpu/crti.o
                0x08006638                _fini
 .fini          0x0800663c        0x8 c:/progra~2/gnutoo~1/50a5a~1.420/bin/../lib/gcc/arm-none-eabi/5.4.1/armv7e-m/fpu/crtn.o
                0x08006644                . = ALIGN (0x4)
                0x08006644                _etext = .

.vfp11_veneer   0x08006644        0x0
 .vfp11_veneer  0x08006644        0x0 linker stubs

.v4_bx          0x08006644        0x0
 .v4_bx         0x08006644        0x0 linker stubs

.iplt           0x08006644        0x0
 .iplt          0x08006644        0x0 c:/progra~2/gnutoo~1/50a5a~1.420/bin/../lib/gcc/arm-none-eabi/5.4.1/armv7e-m/fpu/crtbegin.o

.rodata         0x08006648      0x2c0
                0x08006648                . = ALIGN (0x4)
 *(.rodata)
 *(.rodata*)
 .rodata.str1.4
                0x08006648       0x30 CMakeFiles/STMF407ZGT6.elf.dir/USER/main.c.obj
 .rodata._global_impure_ptr
                0x08006678        0x4 c:/progra~2/gnutoo~1/50a5a~1.420/bin/../lib/gcc/arm-none-eabi/5.4.1/../../../../arm-none-eabi/lib/armv7e-m/fpu\libc.a(lib_a-impure.o)
                0x08006678                _global_impure_ptr
 .rodata.str1.4
                0x0800667c        0x2 c:/progra~2/gnutoo~1/50a5a~1.420/bin/../lib/gcc/arm-none-eabi/5.4.1/../../../../arm-none-eabi/lib/armv7e-m/fpu\libc.a(lib_a-puts.o)
 *fill*         0x0800667e        0x2 
 .rodata.zeroes.7273
                0x08006680       0x10 c:/progra~2/gnutoo~1/50a5a~1.420/bin/../lib/gcc/arm-none-eabi/5.4.1/../../../../arm-none-eabi/lib/armv7e-m/fpu\libc.a(lib_a-vfprintf.o)
 .rodata.str1.4
                0x08006690       0x42 c:/progra~2/gnutoo~1/50a5a~1.420/bin/../lib/gcc/arm-none-eabi/5.4.1/../../../../arm-none-eabi/lib/armv7e-m/fpu\libc.a(lib_a-vfprintf.o)
 *fill*         0x080066d2        0x2 
 .rodata.blanks.7272
                0x080066d4       0x10 c:/progra~2/gnutoo~1/50a5a~1.420/bin/../lib/gcc/arm-none-eabi/5.4.1/../../../../arm-none-eabi/lib/armv7e-m/fpu\libc.a(lib_a-vfprintf.o)
 .rodata.str1.4
                0x080066e4       0x10 c:/progra~2/gnutoo~1/50a5a~1.420/bin/../lib/gcc/arm-none-eabi/5.4.1/../../../../arm-none-eabi/lib/armv7e-m/fpu\libc.a(lib_a-dtoa.o)
                                 0x12 (size before relaxing)
 *fill*         0x080066f4        0x4 
 .rodata.__mprec_tens
                0x080066f8       0xc8 c:/progra~2/gnutoo~1/50a5a~1.420/bin/../lib/gcc/arm-none-eabi/5.4.1/../../../../arm-none-eabi/lib/armv7e-m/fpu\libc.a(lib_a-mprec.o)
                0x080066f8                __mprec_tens
 .rodata.__mprec_bigtens
                0x080067c0       0x28 c:/progra~2/gnutoo~1/50a5a~1.420/bin/../lib/gcc/arm-none-eabi/5.4.1/../../../../arm-none-eabi/lib/armv7e-m/fpu\libc.a(lib_a-mprec.o)
                0x080067c0                __mprec_bigtens
 .rodata.p05.6087
                0x080067e8        0xc c:/progra~2/gnutoo~1/50a5a~1.420/bin/../lib/gcc/arm-none-eabi/5.4.1/../../../../arm-none-eabi/lib/armv7e-m/fpu\libc.a(lib_a-mprec.o)
 .rodata.str1.4
                0x080067f4       0x10 c:/progra~2/gnutoo~1/50a5a~1.420/bin/../lib/gcc/arm-none-eabi/5.4.1/../../../../arm-none-eabi/lib/armv7e-m/fpu\libc.a(lib_a-locale.o)
                                 0x12 (size before relaxing)
 .rodata._ctype_
                0x08006804      0x101 c:/progra~2/gnutoo~1/50a5a~1.420/bin/../lib/gcc/arm-none-eabi/5.4.1/../../../../arm-none-eabi/lib/armv7e-m/fpu\libc.a(lib_a-ctype_.o)
                0x08006804                _ctype_
                0x08006908                . = ALIGN (0x4)
 *fill*         0x08006905        0x3 

.ARM.extab
 *(.ARM.extab* .gnu.linkonce.armextab.*)

.ARM            0x08006908        0x8
                0x08006908                __exidx_start = .
 *(.ARM.exidx*)
 .ARM.exidx     0x08006908        0x8 c:/progra~2/gnutoo~1/50a5a~1.420/bin/../lib/gcc/arm-none-eabi/5.4.1/armv7e-m/fpu\libgcc.a(_udivmoddi4.o)
                0x08006910                __exidx_end = .

.rel.dyn        0x08006910        0x0
 .rel.iplt      0x08006910        0x0 c:/progra~2/gnutoo~1/50a5a~1.420/bin/../lib/gcc/arm-none-eabi/5.4.1/armv7e-m/fpu/crtbegin.o

.preinit_array  0x08006910        0x0
                0x08006910                PROVIDE (__preinit_array_start, .)
 *(.preinit_array*)
                0x08006910                PROVIDE (__preinit_array_end, .)

.init_array     0x08006910        0x8
                0x08006910                PROVIDE (__init_array_start, .)
 *(SORT(.init_array.*))
 .init_array.00000
                0x08006910        0x4 c:/progra~2/gnutoo~1/50a5a~1.420/bin/../lib/gcc/arm-none-eabi/5.4.1/../../../../arm-none-eabi/lib/armv7e-m/fpu\libc.a(lib_a-__call_atexit.o)
 *(.init_array*)
 .init_array    0x08006914        0x4 c:/progra~2/gnutoo~1/50a5a~1.420/bin/../lib/gcc/arm-none-eabi/5.4.1/armv7e-m/fpu/crtbegin.o
                0x08006918                PROVIDE (__init_array_end, .)

.fini_array     0x08006918        0x4
                0x08006918                PROVIDE (__fini_array_start, .)
 *(SORT(.fini_array.*))
 *(.fini_array*)
 .fini_array    0x08006918        0x4 c:/progra~2/gnutoo~1/50a5a~1.420/bin/../lib/gcc/arm-none-eabi/5.4.1/armv7e-m/fpu/crtbegin.o
                0x0800691c                PROVIDE (__fini_array_end, .)
                0x0800691c                _sidata = LOADADDR (.data)

.data           0x20000000      0x9b8 load address 0x0800691c
                0x20000000                . = ALIGN (0x4)
                0x20000000                _sdata = .
 *(.data)
 *(.data*)
 .data.APBAHBPrescTable
                0x20000000       0x10 CMakeFiles/STMF407ZGT6.elf.dir/Libraries/STM32F407x.Stdperiph_Driver/src/stm32f4xx_rcc.c.obj
 .data.impure_data
                0x20000010      0x428 c:/progra~2/gnutoo~1/50a5a~1.420/bin/../lib/gcc/arm-none-eabi/5.4.1/../../../../arm-none-eabi/lib/armv7e-m/fpu\libc.a(lib_a-impure.o)
 .data._impure_ptr
                0x20000438        0x4 c:/progra~2/gnutoo~1/50a5a~1.420/bin/../lib/gcc/arm-none-eabi/5.4.1/../../../../arm-none-eabi/lib/armv7e-m/fpu\libc.a(lib_a-impure.o)
                0x20000438                _impure_ptr
 .data.__malloc_av_
                0x2000043c      0x408 c:/progra~2/gnutoo~1/50a5a~1.420/bin/../lib/gcc/arm-none-eabi/5.4.1/../../../../arm-none-eabi/lib/armv7e-m/fpu\libc.a(lib_a-mallocr.o)
                0x2000043c                __malloc_av_
 .data.__malloc_trim_threshold
                0x20000844        0x4 c:/progra~2/gnutoo~1/50a5a~1.420/bin/../lib/gcc/arm-none-eabi/5.4.1/../../../../arm-none-eabi/lib/armv7e-m/fpu\libc.a(lib_a-mallocr.o)
                0x20000844                __malloc_trim_threshold
 .data.__malloc_sbrk_base
                0x20000848        0x4 c:/progra~2/gnutoo~1/50a5a~1.420/bin/../lib/gcc/arm-none-eabi/5.4.1/../../../../arm-none-eabi/lib/armv7e-m/fpu\libc.a(lib_a-mallocr.o)
                0x20000848                __malloc_sbrk_base
 .data.__global_locale
                0x2000084c      0x16c c:/progra~2/gnutoo~1/50a5a~1.420/bin/../lib/gcc/arm-none-eabi/5.4.1/../../../../arm-none-eabi/lib/armv7e-m/fpu\libc.a(lib_a-locale.o)
                0x2000084c                __global_locale
                0x200009b8                . = ALIGN (0x4)
                0x200009b8                _edata = .
                0x080072d4                _siccmram = LOADADDR (.ccmram)

.jcr            0x200009b8        0x0 load address 0x080072d4
 .jcr           0x200009b8        0x0 c:/progra~2/gnutoo~1/50a5a~1.420/bin/../lib/gcc/arm-none-eabi/5.4.1/armv7e-m/fpu/crtbegin.o

.igot.plt       0x200009b8        0x0 load address 0x080072d4
 .igot.plt      0x200009b8        0x0 c:/progra~2/gnutoo~1/50a5a~1.420/bin/../lib/gcc/arm-none-eabi/5.4.1/armv7e-m/fpu/crtbegin.o

.ccmram         0x10000000        0x0 load address 0x080072d4
                0x10000000                . = ALIGN (0x4)
                0x10000000                _sccmram = .
 *(.ccmram)
 *(.ccmram*)
                0x10000000                . = ALIGN (0x4)
                0x10000000                _eccmram = .
                0x10000000                . = ALIGN (0x4)

.bss            0x200009b8      0x1b4
                0x200009b8                _sbss = .
                0x200009b8                __bss_start__ = _sbss
 *(.bss)
 .bss           0x200009b8       0x1c c:/progra~2/gnutoo~1/50a5a~1.420/bin/../lib/gcc/arm-none-eabi/5.4.1/armv7e-m/fpu/crtbegin.o
 *(.bss*)
 .bss.fac_us    0x200009d4        0x1 CMakeFiles/STMF407ZGT6.elf.dir/APP/delay/delay.c.obj
 *fill*         0x200009d5        0x1 
 .bss.fac_ms    0x200009d6        0x2 CMakeFiles/STMF407ZGT6.elf.dir/APP/delay/delay.c.obj
 .bss.heap_end.9462
                0x200009d8        0x4 CMakeFiles/STMF407ZGT6.elf.dir/APP/sys/sys.c.obj
 .bss.USART_RX_BUF
                0x200009dc       0xc8 CMakeFiles/STMF407ZGT6.elf.dir/APP/usart/usart.c.obj
                0x200009dc                USART_RX_BUF
 .bss.USART_RX_STA
                0x20000aa4        0x2 CMakeFiles/STMF407ZGT6.elf.dir/APP/usart/usart.c.obj
                0x20000aa4                USART_RX_STA
 *fill*         0x20000aa6        0x2 
 .bss.xNumOfOverflows
                0x20000aa8        0x4 CMakeFiles/STMF407ZGT6.elf.dir/FreeRTOS/tasks.c.obj
 .bss.pxDelayedTaskList
                0x20000aac        0x4 CMakeFiles/STMF407ZGT6.elf.dir/FreeRTOS/tasks.c.obj
 .bss.pxOverflowDelayedTaskList
                0x20000ab0        0x4 CMakeFiles/STMF407ZGT6.elf.dir/FreeRTOS/tasks.c.obj
 .bss.uxPendedTicks
                0x20000ab4        0x4 CMakeFiles/STMF407ZGT6.elf.dir/FreeRTOS/tasks.c.obj
 .bss.pxReadyTasksLists
                0x20000ab8       0x64 CMakeFiles/STMF407ZGT6.elf.dir/FreeRTOS/tasks.c.obj
 .bss.uxSchedulerSuspended
                0x20000b1c        0x4 CMakeFiles/STMF407ZGT6.elf.dir/FreeRTOS/tasks.c.obj
 .bss.pxCurrentTCB
                0x20000b20        0x4 CMakeFiles/STMF407ZGT6.elf.dir/FreeRTOS/tasks.c.obj
                0x20000b20                pxCurrentTCB
 .bss.xTickCount
                0x20000b24        0x4 CMakeFiles/STMF407ZGT6.elf.dir/FreeRTOS/tasks.c.obj
 .bss.xNextTaskUnblockTime
                0x20000b28        0x4 CMakeFiles/STMF407ZGT6.elf.dir/FreeRTOS/tasks.c.obj
 .bss.uxTopReadyPriority
                0x20000b2c        0x4 CMakeFiles/STMF407ZGT6.elf.dir/FreeRTOS/tasks.c.obj
 .bss.xYieldPending
                0x20000b30        0x4 CMakeFiles/STMF407ZGT6.elf.dir/FreeRTOS/tasks.c.obj
 .bss.__malloc_max_total_mem
                0x20000b34        0x4 c:/progra~2/gnutoo~1/50a5a~1.420/bin/../lib/gcc/arm-none-eabi/5.4.1/../../../../arm-none-eabi/lib/armv7e-m/fpu\libc.a(lib_a-mallocr.o)
                0x20000b34                __malloc_max_total_mem
 .bss.__malloc_max_sbrked_mem
                0x20000b38        0x4 c:/progra~2/gnutoo~1/50a5a~1.420/bin/../lib/gcc/arm-none-eabi/5.4.1/../../../../arm-none-eabi/lib/armv7e-m/fpu\libc.a(lib_a-mallocr.o)
                0x20000b38                __malloc_max_sbrked_mem
 .bss.__malloc_top_pad
                0x20000b3c        0x4 c:/progra~2/gnutoo~1/50a5a~1.420/bin/../lib/gcc/arm-none-eabi/5.4.1/../../../../arm-none-eabi/lib/armv7e-m/fpu\libc.a(lib_a-mallocr.o)
                0x20000b3c                __malloc_top_pad
 .bss.__malloc_current_mallinfo
                0x20000b40       0x28 c:/progra~2/gnutoo~1/50a5a~1.420/bin/../lib/gcc/arm-none-eabi/5.4.1/../../../../arm-none-eabi/lib/armv7e-m/fpu\libc.a(lib_a-mallocr.o)
                0x20000b40                __malloc_current_mallinfo
 *(COMMON)
 COMMON         0x20000b68        0x4 c:/progra~2/gnutoo~1/50a5a~1.420/bin/../lib/gcc/arm-none-eabi/5.4.1/../../../../arm-none-eabi/lib/armv7e-m/fpu\libc.a(lib_a-reent.o)
                0x20000b68                errno
                0x20000b6c                . = ALIGN (0x4)
                0x20000b6c                _ebss = .
                0x20000b6c                __bss_end__ = _ebss

._user_heap_stack
                0x20000b6c      0x604
                0x20000b70                . = ALIGN (0x8)
 *fill*         0x20000b6c        0x4 
                0x20000b70                PROVIDE (end, .)
                [!provide]                PROVIDE (_end, .)
                0x20000d70                . = (. + _Min_Heap_Size)
 *fill*         0x20000b70      0x200 
                0x20001170                . = (. + _Min_Stack_Size)
 *fill*         0x20000d70      0x400 
                0x20001170                . = ALIGN (0x8)

/DISCARD/
 libc.a(*)
 libm.a(*)
 libgcc.a(*)

.ARM.attributes
                0x00000000       0x30
 *(.ARM.attributes)
 .ARM.attributes
                0x00000000       0x22 c:/progra~2/gnutoo~1/50a5a~1.420/bin/../lib/gcc/arm-none-eabi/5.4.1/armv7e-m/fpu/crti.o
 .ARM.attributes
                0x00000022       0x34 c:/progra~2/gnutoo~1/50a5a~1.420/bin/../lib/gcc/arm-none-eabi/5.4.1/armv7e-m/fpu/crtbegin.o
 .ARM.attributes
                0x00000056       0x39 CMakeFiles/STMF407ZGT6.elf.dir/APP/delay/delay.c.obj
 .ARM.attributes
                0x0000008f       0x39 CMakeFiles/STMF407ZGT6.elf.dir/APP/led/led.c.obj
 .ARM.attributes
                0x000000c8       0x39 CMakeFiles/STMF407ZGT6.elf.dir/APP/sys/sys.c.obj
 .ARM.attributes
                0x00000101       0x39 CMakeFiles/STMF407ZGT6.elf.dir/APP/usart/usart.c.obj
 .ARM.attributes
                0x0000013a       0x39 CMakeFiles/STMF407ZGT6.elf.dir/FreeRTOS/list.c.obj
 .ARM.attributes
                0x00000173       0x39 CMakeFiles/STMF407ZGT6.elf.dir/FreeRTOS/portable/GCC/ARM_CM4F/port.c.obj
 .ARM.attributes
                0x000001ac       0x39 CMakeFiles/STMF407ZGT6.elf.dir/FreeRTOS/tasks.c.obj
 .ARM.attributes
                0x000001e5       0x39 CMakeFiles/STMF407ZGT6.elf.dir/Libraries/STM32F407x.Stdperiph_Driver/src/misc.c.obj
 .ARM.attributes
                0x0000021e       0x39 CMakeFiles/STMF407ZGT6.elf.dir/Libraries/STM32F407x.Stdperiph_Driver/src/stm32f4xx_gpio.c.obj
 .ARM.attributes
                0x00000257       0x39 CMakeFiles/STMF407ZGT6.elf.dir/Libraries/STM32F407x.Stdperiph_Driver/src/stm32f4xx_rcc.c.obj
 .ARM.attributes
                0x00000290       0x39 CMakeFiles/STMF407ZGT6.elf.dir/Libraries/STM32F407x.Stdperiph_Driver/src/stm32f4xx_usart.c.obj
 .ARM.attributes
                0x000002c9       0x39 CMakeFiles/STMF407ZGT6.elf.dir/USER/main.c.obj
 .ARM.attributes
                0x00000302       0x39 CMakeFiles/STMF407ZGT6.elf.dir/USER/stm32f4xx_it.c.obj
 .ARM.attributes
                0x0000033b       0x39 CMakeFiles/STMF407ZGT6.elf.dir/USER/system_stm32f4xx.c.obj
 .ARM.attributes
                0x00000374       0x21 CMakeFiles/STMF407ZGT6.elf.dir/startup/startup_stm32f407xx.s.obj
 .ARM.attributes
                0x00000395       0x34 c:/progra~2/gnutoo~1/50a5a~1.420/bin/../lib/gcc/arm-none-eabi/5.4.1/../../../../arm-none-eabi/lib/armv7e-m/fpu\libc.a(lib_a-errno.o)
 .ARM.attributes
                0x000003c9       0x34 c:/progra~2/gnutoo~1/50a5a~1.420/bin/../lib/gcc/arm-none-eabi/5.4.1/../../../../arm-none-eabi/lib/armv7e-m/fpu\libc.a(lib_a-impure.o)
 .ARM.attributes
                0x000003fd       0x34 c:/progra~2/gnutoo~1/50a5a~1.420/bin/../lib/gcc/arm-none-eabi/5.4.1/../../../../arm-none-eabi/lib/armv7e-m/fpu\libc.a(lib_a-init.o)
 .ARM.attributes
                0x00000431       0x20 c:/progra~2/gnutoo~1/50a5a~1.420/bin/../lib/gcc/arm-none-eabi/5.4.1/../../../../arm-none-eabi/lib/armv7e-m/fpu\libc.a(lib_a-memcpy.o)
 .ARM.attributes
                0x00000451       0x34 c:/progra~2/gnutoo~1/50a5a~1.420/bin/../lib/gcc/arm-none-eabi/5.4.1/../../../../arm-none-eabi/lib/armv7e-m/fpu\libc.a(lib_a-memset.o)
 .ARM.attributes
                0x00000485       0x34 c:/progra~2/gnutoo~1/50a5a~1.420/bin/../lib/gcc/arm-none-eabi/5.4.1/../../../../arm-none-eabi/lib/armv7e-m/fpu\libc.a(lib_a-printf.o)
 .ARM.attributes
                0x000004b9       0x34 c:/progra~2/gnutoo~1/50a5a~1.420/bin/../lib/gcc/arm-none-eabi/5.4.1/../../../../arm-none-eabi/lib/armv7e-m/fpu\libc.a(lib_a-puts.o)
 .ARM.attributes
                0x000004ed       0x20 c:/progra~2/gnutoo~1/50a5a~1.420/bin/../lib/gcc/arm-none-eabi/5.4.1/../../../../arm-none-eabi/lib/armv7e-m/fpu\libc.a(lib_a-strlen.o)
 .ARM.attributes
                0x0000050d       0x34 c:/progra~2/gnutoo~1/50a5a~1.420/bin/../lib/gcc/arm-none-eabi/5.4.1/../../../../arm-none-eabi/lib/armv7e-m/fpu\libc.a(lib_a-vfprintf.o)
 .ARM.attributes
                0x00000541       0x34 c:/progra~2/gnutoo~1/50a5a~1.420/bin/../lib/gcc/arm-none-eabi/5.4.1/../../../../arm-none-eabi/lib/armv7e-m/fpu\libc.a(lib_a-wsetup.o)
 .ARM.attributes
                0x00000575       0x34 c:/progra~2/gnutoo~1/50a5a~1.420/bin/../lib/gcc/arm-none-eabi/5.4.1/../../../../arm-none-eabi/lib/armv7e-m/fpu\libc.a(lib_a-__call_atexit.o)
 .ARM.attributes
                0x000005a9       0x34 c:/progra~2/gnutoo~1/50a5a~1.420/bin/../lib/gcc/arm-none-eabi/5.4.1/../../../../arm-none-eabi/lib/armv7e-m/fpu\libc.a(lib_a-atexit.o)
 .ARM.attributes
                0x000005dd       0x34 c:/progra~2/gnutoo~1/50a5a~1.420/bin/../lib/gcc/arm-none-eabi/5.4.1/../../../../arm-none-eabi/lib/armv7e-m/fpu\libc.a(lib_a-dtoa.o)
 .ARM.attributes
                0x00000611       0x34 c:/progra~2/gnutoo~1/50a5a~1.420/bin/../lib/gcc/arm-none-eabi/5.4.1/../../../../arm-none-eabi/lib/armv7e-m/fpu\libc.a(lib_a-fflush.o)
 .ARM.attributes
                0x00000645       0x34 c:/progra~2/gnutoo~1/50a5a~1.420/bin/../lib/gcc/arm-none-eabi/5.4.1/../../../../arm-none-eabi/lib/armv7e-m/fpu\libc.a(lib_a-findfp.o)
 .ARM.attributes
                0x00000679       0x34 c:/progra~2/gnutoo~1/50a5a~1.420/bin/../lib/gcc/arm-none-eabi/5.4.1/../../../../arm-none-eabi/lib/armv7e-m/fpu\libc.a(lib_a-fini.o)
 .ARM.attributes
                0x000006ad       0x34 c:/progra~2/gnutoo~1/50a5a~1.420/bin/../lib/gcc/arm-none-eabi/5.4.1/../../../../arm-none-eabi/lib/armv7e-m/fpu\libc.a(lib_a-freer.o)
 .ARM.attributes
                0x000006e1       0x34 c:/progra~2/gnutoo~1/50a5a~1.420/bin/../lib/gcc/arm-none-eabi/5.4.1/../../../../arm-none-eabi/lib/armv7e-m/fpu\libc.a(lib_a-fvwrite.o)
 .ARM.attributes
                0x00000715       0x34 c:/progra~2/gnutoo~1/50a5a~1.420/bin/../lib/gcc/arm-none-eabi/5.4.1/../../../../arm-none-eabi/lib/armv7e-m/fpu\libc.a(lib_a-fwalk.o)
 .ARM.attributes
                0x00000749       0x34 c:/progra~2/gnutoo~1/50a5a~1.420/bin/../lib/gcc/arm-none-eabi/5.4.1/../../../../arm-none-eabi/lib/armv7e-m/fpu\libc.a(lib_a-localeconv.o)
 .ARM.attributes
                0x0000077d       0x34 c:/progra~2/gnutoo~1/50a5a~1.420/bin/../lib/gcc/arm-none-eabi/5.4.1/../../../../arm-none-eabi/lib/armv7e-m/fpu\libc.a(lib_a-makebuf.o)
 .ARM.attributes
                0x000007b1       0x34 c:/progra~2/gnutoo~1/50a5a~1.420/bin/../lib/gcc/arm-none-eabi/5.4.1/../../../../arm-none-eabi/lib/armv7e-m/fpu\libc.a(lib_a-mallocr.o)
 .ARM.attributes
                0x000007e5       0x20 c:/progra~2/gnutoo~1/50a5a~1.420/bin/../lib/gcc/arm-none-eabi/5.4.1/../../../../arm-none-eabi/lib/armv7e-m/fpu\libc.a(lib_a-memchr.o)
 .ARM.attributes
                0x00000805       0x34 c:/progra~2/gnutoo~1/50a5a~1.420/bin/../lib/gcc/arm-none-eabi/5.4.1/../../../../arm-none-eabi/lib/armv7e-m/fpu\libc.a(lib_a-memmove.o)
 .ARM.attributes
                0x00000839       0x34 c:/progra~2/gnutoo~1/50a5a~1.420/bin/../lib/gcc/arm-none-eabi/5.4.1/../../../../arm-none-eabi/lib/armv7e-m/fpu\libc.a(lib_a-mlock.o)
 .ARM.attributes
                0x0000086d       0x34 c:/progra~2/gnutoo~1/50a5a~1.420/bin/../lib/gcc/arm-none-eabi/5.4.1/../../../../arm-none-eabi/lib/armv7e-m/fpu\libc.a(lib_a-mprec.o)
 .ARM.attributes
                0x000008a1       0x34 c:/progra~2/gnutoo~1/50a5a~1.420/bin/../lib/gcc/arm-none-eabi/5.4.1/../../../../arm-none-eabi/lib/armv7e-m/fpu\libc.a(lib_a-reallocr.o)
 .ARM.attributes
                0x000008d5       0x34 c:/progra~2/gnutoo~1/50a5a~1.420/bin/../lib/gcc/arm-none-eabi/5.4.1/../../../../arm-none-eabi/lib/armv7e-m/fpu\libc.a(lib_a-sbrkr.o)
 .ARM.attributes
                0x00000909       0x34 c:/progra~2/gnutoo~1/50a5a~1.420/bin/../lib/gcc/arm-none-eabi/5.4.1/../../../../arm-none-eabi/lib/armv7e-m/fpu\libc.a(lib_a-stdio.o)
 .ARM.attributes
                0x0000093d       0x34 c:/progra~2/gnutoo~1/50a5a~1.420/bin/../lib/gcc/arm-none-eabi/5.4.1/../../../../arm-none-eabi/lib/armv7e-m/fpu\libc.a(lib_a-vfiprintf.o)
 .ARM.attributes
                0x00000971       0x34 c:/progra~2/gnutoo~1/50a5a~1.420/bin/../lib/gcc/arm-none-eabi/5.4.1/../../../../arm-none-eabi/lib/armv7e-m/fpu\libc.a(lib_a-writer.o)
 .ARM.attributes
                0x000009a5       0x34 c:/progra~2/gnutoo~1/50a5a~1.420/bin/../lib/gcc/arm-none-eabi/5.4.1/../../../../arm-none-eabi/lib/armv7e-m/fpu\libc.a(lib_a-__atexit.o)
 .ARM.attributes
                0x000009d9       0x34 c:/progra~2/gnutoo~1/50a5a~1.420/bin/../lib/gcc/arm-none-eabi/5.4.1/../../../../arm-none-eabi/lib/armv7e-m/fpu\libc.a(lib_a-callocr.o)
 .ARM.attributes
                0x00000a0d       0x34 c:/progra~2/gnutoo~1/50a5a~1.420/bin/../lib/gcc/arm-none-eabi/5.4.1/../../../../arm-none-eabi/lib/armv7e-m/fpu\libc.a(lib_a-closer.o)
 .ARM.attributes
                0x00000a41       0x34 c:/progra~2/gnutoo~1/50a5a~1.420/bin/../lib/gcc/arm-none-eabi/5.4.1/../../../../arm-none-eabi/lib/armv7e-m/fpu\libc.a(lib_a-fclose.o)
 .ARM.attributes
                0x00000a75       0x34 c:/progra~2/gnutoo~1/50a5a~1.420/bin/../lib/gcc/arm-none-eabi/5.4.1/../../../../arm-none-eabi/lib/armv7e-m/fpu\libc.a(lib_a-fputwc.o)
 .ARM.attributes
                0x00000aa9       0x34 c:/progra~2/gnutoo~1/50a5a~1.420/bin/../lib/gcc/arm-none-eabi/5.4.1/../../../../arm-none-eabi/lib/armv7e-m/fpu\libc.a(lib_a-fstatr.o)
 .ARM.attributes
                0x00000add       0x34 c:/progra~2/gnutoo~1/50a5a~1.420/bin/../lib/gcc/arm-none-eabi/5.4.1/../../../../arm-none-eabi/lib/armv7e-m/fpu\libc.a(lib_a-isattyr.o)
 .ARM.attributes
                0x00000b11       0x34 c:/progra~2/gnutoo~1/50a5a~1.420/bin/../lib/gcc/arm-none-eabi/5.4.1/../../../../arm-none-eabi/lib/armv7e-m/fpu\libc.a(lib_a-locale.o)
 .ARM.attributes
                0x00000b45       0x34 c:/progra~2/gnutoo~1/50a5a~1.420/bin/../lib/gcc/arm-none-eabi/5.4.1/../../../../arm-none-eabi/lib/armv7e-m/fpu\libc.a(lib_a-lseekr.o)
 .ARM.attributes
                0x00000b79       0x34 c:/progra~2/gnutoo~1/50a5a~1.420/bin/../lib/gcc/arm-none-eabi/5.4.1/../../../../arm-none-eabi/lib/armv7e-m/fpu\libc.a(lib_a-mbtowc_r.o)
 .ARM.attributes
                0x00000bad       0x34 c:/progra~2/gnutoo~1/50a5a~1.420/bin/../lib/gcc/arm-none-eabi/5.4.1/../../../../arm-none-eabi/lib/armv7e-m/fpu\libc.a(lib_a-readr.o)
 .ARM.attributes
                0x00000be1       0x34 c:/progra~2/gnutoo~1/50a5a~1.420/bin/../lib/gcc/arm-none-eabi/5.4.1/../../../../arm-none-eabi/lib/armv7e-m/fpu\libc.a(lib_a-reent.o)
 .ARM.attributes
                0x00000c15       0x34 c:/progra~2/gnutoo~1/50a5a~1.420/bin/../lib/gcc/arm-none-eabi/5.4.1/../../../../arm-none-eabi/lib/armv7e-m/fpu\libc.a(lib_a-wbuf.o)
 .ARM.attributes
                0x00000c49       0x34 c:/progra~2/gnutoo~1/50a5a~1.420/bin/../lib/gcc/arm-none-eabi/5.4.1/../../../../arm-none-eabi/lib/armv7e-m/fpu\libc.a(lib_a-wcrtomb.o)
 .ARM.attributes
                0x00000c7d       0x34 c:/progra~2/gnutoo~1/50a5a~1.420/bin/../lib/gcc/arm-none-eabi/5.4.1/../../../../arm-none-eabi/lib/armv7e-m/fpu\libc.a(lib_a-wctomb_r.o)
 .ARM.attributes
                0x00000cb1       0x34 c:/progra~2/gnutoo~1/50a5a~1.420/bin/../lib/gcc/arm-none-eabi/5.4.1/../../../../arm-none-eabi/lib/armv7e-m/fpu\libc.a(lib_a-ctype_.o)
 .ARM.attributes
                0x00000ce5       0x22 c:/progra~2/gnutoo~1/50a5a~1.420/bin/../lib/gcc/arm-none-eabi/5.4.1/armv7e-m/fpu\libgcc.a(_arm_addsubdf3.o)
 .ARM.attributes
                0x00000d07       0x22 c:/progra~2/gnutoo~1/50a5a~1.420/bin/../lib/gcc/arm-none-eabi/5.4.1/armv7e-m/fpu\libgcc.a(_arm_muldivdf3.o)
 .ARM.attributes
                0x00000d29       0x22 c:/progra~2/gnutoo~1/50a5a~1.420/bin/../lib/gcc/arm-none-eabi/5.4.1/armv7e-m/fpu\libgcc.a(_arm_cmpdf2.o)
 .ARM.attributes
                0x00000d4b       0x22 c:/progra~2/gnutoo~1/50a5a~1.420/bin/../lib/gcc/arm-none-eabi/5.4.1/armv7e-m/fpu\libgcc.a(_arm_unorddf2.o)
 .ARM.attributes
                0x00000d6d       0x22 c:/progra~2/gnutoo~1/50a5a~1.420/bin/../lib/gcc/arm-none-eabi/5.4.1/armv7e-m/fpu\libgcc.a(_arm_fixdfsi.o)
 .ARM.attributes
                0x00000d8f       0x22 c:/progra~2/gnutoo~1/50a5a~1.420/bin/../lib/gcc/arm-none-eabi/5.4.1/armv7e-m/fpu\libgcc.a(_aeabi_uldivmod.o)
 .ARM.attributes
                0x00000db1       0x34 c:/progra~2/gnutoo~1/50a5a~1.420/bin/../lib/gcc/arm-none-eabi/5.4.1/armv7e-m/fpu\libgcc.a(_udivmoddi4.o)
 .ARM.attributes
                0x00000de5       0x22 c:/progra~2/gnutoo~1/50a5a~1.420/bin/../lib/gcc/arm-none-eabi/5.4.1/armv7e-m/fpu\libgcc.a(_dvmd_tls.o)
 .ARM.attributes
                0x00000e07       0x22 c:/progra~2/gnutoo~1/50a5a~1.420/bin/../lib/gcc/arm-none-eabi/5.4.1/armv7e-m/fpu/crtn.o
OUTPUT(STMF407ZGT6.elf elf32-littlearm)

.debug_info     0x00000000     0x7a1b
 .debug_info    0x00000000      0x293 CMakeFiles/STMF407ZGT6.elf.dir/APP/delay/delay.c.obj
 .debug_info    0x00000293      0x334 CMakeFiles/STMF407ZGT6.elf.dir/APP/led/led.c.obj
 .debug_info    0x000005c7      0x7c5 CMakeFiles/STMF407ZGT6.elf.dir/APP/sys/sys.c.obj
 .debug_info    0x00000d8c      0x9bb CMakeFiles/STMF407ZGT6.elf.dir/APP/usart/usart.c.obj
 .debug_info    0x00001747      0x29d CMakeFiles/STMF407ZGT6.elf.dir/FreeRTOS/list.c.obj
 .debug_info    0x000019e4      0x52c CMakeFiles/STMF407ZGT6.elf.dir/FreeRTOS/portable/GCC/ARM_CM4F/port.c.obj
 .debug_info    0x00001f10     0x2814 CMakeFiles/STMF407ZGT6.elf.dir/FreeRTOS/tasks.c.obj
 .debug_info    0x00004724      0x55c CMakeFiles/STMF407ZGT6.elf.dir/Libraries/STM32F407x.Stdperiph_Driver/src/misc.c.obj
 .debug_info    0x00004c80      0x844 CMakeFiles/STMF407ZGT6.elf.dir/Libraries/STM32F407x.Stdperiph_Driver/src/stm32f4xx_gpio.c.obj
 .debug_info    0x000054c4      0xe81 CMakeFiles/STMF407ZGT6.elf.dir/Libraries/STM32F407x.Stdperiph_Driver/src/stm32f4xx_rcc.c.obj
 .debug_info    0x00006345      0xb95 CMakeFiles/STMF407ZGT6.elf.dir/Libraries/STM32F407x.Stdperiph_Driver/src/stm32f4xx_usart.c.obj
 .debug_info    0x00006eda      0x3a4 CMakeFiles/STMF407ZGT6.elf.dir/USER/main.c.obj
 .debug_info    0x0000727e      0x12f CMakeFiles/STMF407ZGT6.elf.dir/USER/stm32f4xx_it.c.obj
 .debug_info    0x000073ad      0x602 CMakeFiles/STMF407ZGT6.elf.dir/USER/system_stm32f4xx.c.obj
 .debug_info    0x000079af       0x6c CMakeFiles/STMF407ZGT6.elf.dir/startup/startup_stm32f407xx.s.obj

.debug_abbrev   0x00000000     0x1608
 .debug_abbrev  0x00000000      0x126 CMakeFiles/STMF407ZGT6.elf.dir/APP/delay/delay.c.obj
 .debug_abbrev  0x00000126      0x13a CMakeFiles/STMF407ZGT6.elf.dir/APP/led/led.c.obj
 .debug_abbrev  0x00000260      0x1ce CMakeFiles/STMF407ZGT6.elf.dir/APP/sys/sys.c.obj
 .debug_abbrev  0x0000042e      0x1d5 CMakeFiles/STMF407ZGT6.elf.dir/APP/usart/usart.c.obj
 .debug_abbrev  0x00000603       0xda CMakeFiles/STMF407ZGT6.elf.dir/FreeRTOS/list.c.obj
 .debug_abbrev  0x000006dd      0x217 CMakeFiles/STMF407ZGT6.elf.dir/FreeRTOS/portable/GCC/ARM_CM4F/port.c.obj
 .debug_abbrev  0x000008f4      0x30d CMakeFiles/STMF407ZGT6.elf.dir/FreeRTOS/tasks.c.obj
 .debug_abbrev  0x00000c01      0x156 CMakeFiles/STMF407ZGT6.elf.dir/Libraries/STM32F407x.Stdperiph_Driver/src/misc.c.obj
 .debug_abbrev  0x00000d57      0x1e0 CMakeFiles/STMF407ZGT6.elf.dir/Libraries/STM32F407x.Stdperiph_Driver/src/stm32f4xx_gpio.c.obj
 .debug_abbrev  0x00000f37      0x1e2 CMakeFiles/STMF407ZGT6.elf.dir/Libraries/STM32F407x.Stdperiph_Driver/src/stm32f4xx_rcc.c.obj
 .debug_abbrev  0x00001119      0x1b9 CMakeFiles/STMF407ZGT6.elf.dir/Libraries/STM32F407x.Stdperiph_Driver/src/stm32f4xx_usart.c.obj
 .debug_abbrev  0x000012d2      0x16a CMakeFiles/STMF407ZGT6.elf.dir/USER/main.c.obj
 .debug_abbrev  0x0000143c       0x80 CMakeFiles/STMF407ZGT6.elf.dir/USER/stm32f4xx_it.c.obj
 .debug_abbrev  0x000014bc      0x13a CMakeFiles/STMF407ZGT6.elf.dir/USER/system_stm32f4xx.c.obj
 .debug_abbrev  0x000015f6       0x12 CMakeFiles/STMF407ZGT6.elf.dir/startup/startup_stm32f407xx.s.obj

.debug_loc      0x00000000     0x3742
 .debug_loc     0x00000000       0xdb CMakeFiles/STMF407ZGT6.elf.dir/APP/delay/delay.c.obj
 .debug_loc     0x000000db      0x3a2 CMakeFiles/STMF407ZGT6.elf.dir/APP/sys/sys.c.obj
 .debug_loc     0x0000047d       0x68 CMakeFiles/STMF407ZGT6.elf.dir/APP/usart/usart.c.obj
 .debug_loc     0x000004e5       0x65 CMakeFiles/STMF407ZGT6.elf.dir/FreeRTOS/list.c.obj
 .debug_loc     0x0000054a       0xdc CMakeFiles/STMF407ZGT6.elf.dir/FreeRTOS/portable/GCC/ARM_CM4F/port.c.obj
 .debug_loc     0x00000626     0x17a6 CMakeFiles/STMF407ZGT6.elf.dir/FreeRTOS/tasks.c.obj
 .debug_loc     0x00001dcc      0x191 CMakeFiles/STMF407ZGT6.elf.dir/Libraries/STM32F407x.Stdperiph_Driver/src/misc.c.obj
 .debug_loc     0x00001f5d      0x365 CMakeFiles/STMF407ZGT6.elf.dir/Libraries/STM32F407x.Stdperiph_Driver/src/stm32f4xx_gpio.c.obj
 .debug_loc     0x000022c2      0xbcb CMakeFiles/STMF407ZGT6.elf.dir/Libraries/STM32F407x.Stdperiph_Driver/src/stm32f4xx_rcc.c.obj
 .debug_loc     0x00002e8d      0x745 CMakeFiles/STMF407ZGT6.elf.dir/Libraries/STM32F407x.Stdperiph_Driver/src/stm32f4xx_usart.c.obj
 .debug_loc     0x000035d2       0x3e CMakeFiles/STMF407ZGT6.elf.dir/USER/main.c.obj
 .debug_loc     0x00003610      0x132 CMakeFiles/STMF407ZGT6.elf.dir/USER/system_stm32f4xx.c.obj

.debug_aranges  0x00000000      0x850
 .debug_aranges
                0x00000000       0x38 CMakeFiles/STMF407ZGT6.elf.dir/APP/delay/delay.c.obj
 .debug_aranges
                0x00000038       0x20 CMakeFiles/STMF407ZGT6.elf.dir/APP/led/led.c.obj
 .debug_aranges
                0x00000058       0xc8 CMakeFiles/STMF407ZGT6.elf.dir/APP/sys/sys.c.obj
 .debug_aranges
                0x00000120       0x38 CMakeFiles/STMF407ZGT6.elf.dir/APP/usart/usart.c.obj
 .debug_aranges
                0x00000158       0x40 CMakeFiles/STMF407ZGT6.elf.dir/FreeRTOS/list.c.obj
 .debug_aranges
                0x00000198       0x80 CMakeFiles/STMF407ZGT6.elf.dir/FreeRTOS/portable/GCC/ARM_CM4F/port.c.obj
 .debug_aranges
                0x00000218      0x1d8 CMakeFiles/STMF407ZGT6.elf.dir/FreeRTOS/tasks.c.obj
 .debug_aranges
                0x000003f0       0x40 CMakeFiles/STMF407ZGT6.elf.dir/Libraries/STM32F407x.Stdperiph_Driver/src/misc.c.obj
 .debug_aranges
                0x00000430       0x88 CMakeFiles/STMF407ZGT6.elf.dir/Libraries/STM32F407x.Stdperiph_Driver/src/stm32f4xx_gpio.c.obj
 .debug_aranges
                0x000004b8      0x1c0 CMakeFiles/STMF407ZGT6.elf.dir/Libraries/STM32F407x.Stdperiph_Driver/src/stm32f4xx_rcc.c.obj
 .debug_aranges
                0x00000678      0x100 CMakeFiles/STMF407ZGT6.elf.dir/Libraries/STM32F407x.Stdperiph_Driver/src/stm32f4xx_usart.c.obj
 .debug_aranges
                0x00000778       0x20 CMakeFiles/STMF407ZGT6.elf.dir/USER/main.c.obj
 .debug_aranges
                0x00000798       0x60 CMakeFiles/STMF407ZGT6.elf.dir/USER/stm32f4xx_it.c.obj
 .debug_aranges
                0x000007f8       0x30 CMakeFiles/STMF407ZGT6.elf.dir/USER/system_stm32f4xx.c.obj
 .debug_aranges
                0x00000828       0x28 CMakeFiles/STMF407ZGT6.elf.dir/startup/startup_stm32f407xx.s.obj

.debug_ranges   0x00000000      0x7c0
 .debug_ranges  0x00000000       0x28 CMakeFiles/STMF407ZGT6.elf.dir/APP/delay/delay.c.obj
 .debug_ranges  0x00000028       0x10 CMakeFiles/STMF407ZGT6.elf.dir/APP/led/led.c.obj
 .debug_ranges  0x00000038       0xb8 CMakeFiles/STMF407ZGT6.elf.dir/APP/sys/sys.c.obj
 .debug_ranges  0x000000f0       0x28 CMakeFiles/STMF407ZGT6.elf.dir/APP/usart/usart.c.obj
 .debug_ranges  0x00000118       0x30 CMakeFiles/STMF407ZGT6.elf.dir/FreeRTOS/list.c.obj
 .debug_ranges  0x00000148       0x70 CMakeFiles/STMF407ZGT6.elf.dir/FreeRTOS/portable/GCC/ARM_CM4F/port.c.obj
 .debug_ranges  0x000001b8      0x220 CMakeFiles/STMF407ZGT6.elf.dir/FreeRTOS/tasks.c.obj
 .debug_ranges  0x000003d8       0x30 CMakeFiles/STMF407ZGT6.elf.dir/Libraries/STM32F407x.Stdperiph_Driver/src/misc.c.obj
 .debug_ranges  0x00000408       0x78 CMakeFiles/STMF407ZGT6.elf.dir/Libraries/STM32F407x.Stdperiph_Driver/src/stm32f4xx_gpio.c.obj
 .debug_ranges  0x00000480      0x1b0 CMakeFiles/STMF407ZGT6.elf.dir/Libraries/STM32F407x.Stdperiph_Driver/src/stm32f4xx_rcc.c.obj
 .debug_ranges  0x00000630       0xf0 CMakeFiles/STMF407ZGT6.elf.dir/Libraries/STM32F407x.Stdperiph_Driver/src/stm32f4xx_usart.c.obj
 .debug_ranges  0x00000720       0x10 CMakeFiles/STMF407ZGT6.elf.dir/USER/main.c.obj
 .debug_ranges  0x00000730       0x50 CMakeFiles/STMF407ZGT6.elf.dir/USER/stm32f4xx_it.c.obj
 .debug_ranges  0x00000780       0x20 CMakeFiles/STMF407ZGT6.elf.dir/USER/system_stm32f4xx.c.obj
 .debug_ranges  0x000007a0       0x20 CMakeFiles/STMF407ZGT6.elf.dir/startup/startup_stm32f407xx.s.obj

.debug_line     0x00000000     0x2ddf
 .debug_line    0x00000000      0x1d2 CMakeFiles/STMF407ZGT6.elf.dir/APP/delay/delay.c.obj
 .debug_line    0x000001d2      0x192 CMakeFiles/STMF407ZGT6.elf.dir/APP/led/led.c.obj
 .debug_line    0x00000364      0x2e9 CMakeFiles/STMF407ZGT6.elf.dir/APP/sys/sys.c.obj
 .debug_line    0x0000064d      0x224 CMakeFiles/STMF407ZGT6.elf.dir/APP/usart/usart.c.obj
 .debug_line    0x00000871      0x1b5 CMakeFiles/STMF407ZGT6.elf.dir/FreeRTOS/list.c.obj
 .debug_line    0x00000a26      0x2bf CMakeFiles/STMF407ZGT6.elf.dir/FreeRTOS/portable/GCC/ARM_CM4F/port.c.obj
 .debug_line    0x00000ce5      0xc40 CMakeFiles/STMF407ZGT6.elf.dir/FreeRTOS/tasks.c.obj
 .debug_line    0x00001925      0x1ee CMakeFiles/STMF407ZGT6.elf.dir/Libraries/STM32F407x.Stdperiph_Driver/src/misc.c.obj
 .debug_line    0x00001b13      0x2f1 CMakeFiles/STMF407ZGT6.elf.dir/Libraries/STM32F407x.Stdperiph_Driver/src/stm32f4xx_gpio.c.obj
 .debug_line    0x00001e04      0x5b7 CMakeFiles/STMF407ZGT6.elf.dir/Libraries/STM32F407x.Stdperiph_Driver/src/stm32f4xx_rcc.c.obj
 .debug_line    0x000023bb      0x42c CMakeFiles/STMF407ZGT6.elf.dir/Libraries/STM32F407x.Stdperiph_Driver/src/stm32f4xx_usart.c.obj
 .debug_line    0x000027e7      0x23f CMakeFiles/STMF407ZGT6.elf.dir/USER/main.c.obj
 .debug_line    0x00002a26      0x194 CMakeFiles/STMF407ZGT6.elf.dir/USER/stm32f4xx_it.c.obj
 .debug_line    0x00002bba      0x19e CMakeFiles/STMF407ZGT6.elf.dir/USER/system_stm32f4xx.c.obj
 .debug_line    0x00002d58       0x87 CMakeFiles/STMF407ZGT6.elf.dir/startup/startup_stm32f407xx.s.obj

.debug_str      0x00000000     0x2d35
 .debug_str     0x00000000      0x240 CMakeFiles/STMF407ZGT6.elf.dir/APP/delay/delay.c.obj
                                0x2a2 (size before relaxing)
 .debug_str     0x00000240      0x1e6 CMakeFiles/STMF407ZGT6.elf.dir/APP/led/led.c.obj
                                0x3e3 (size before relaxing)
 .debug_str     0x00000426      0x266 CMakeFiles/STMF407ZGT6.elf.dir/APP/sys/sys.c.obj
                                0x493 (size before relaxing)
 .debug_str     0x0000068c      0x778 CMakeFiles/STMF407ZGT6.elf.dir/APP/usart/usart.c.obj
                                0xb62 (size before relaxing)
 .debug_str     0x00000e04      0x150 CMakeFiles/STMF407ZGT6.elf.dir/FreeRTOS/list.c.obj
                                0x2f8 (size before relaxing)
 .debug_str     0x00000f54      0x25d CMakeFiles/STMF407ZGT6.elf.dir/FreeRTOS/portable/GCC/ARM_CM4F/port.c.obj
                                0x459 (size before relaxing)
 .debug_str     0x000011b1      0xc6d CMakeFiles/STMF407ZGT6.elf.dir/FreeRTOS/tasks.c.obj
                               0x108f (size before relaxing)
 .debug_str     0x00001e1e      0x17c CMakeFiles/STMF407ZGT6.elf.dir/Libraries/STM32F407x.Stdperiph_Driver/src/misc.c.obj
                                0x43a (size before relaxing)
 .debug_str     0x00001f9a      0x194 CMakeFiles/STMF407ZGT6.elf.dir/Libraries/STM32F407x.Stdperiph_Driver/src/stm32f4xx_gpio.c.obj
                                0x523 (size before relaxing)
 .debug_str     0x0000212e      0x74b CMakeFiles/STMF407ZGT6.elf.dir/Libraries/STM32F407x.Stdperiph_Driver/src/stm32f4xx_rcc.c.obj
                                0xa18 (size before relaxing)
 .debug_str     0x00002879      0x333 CMakeFiles/STMF407ZGT6.elf.dir/Libraries/STM32F407x.Stdperiph_Driver/src/stm32f4xx_usart.c.obj
                                0x73b (size before relaxing)
 .debug_str     0x00002bac       0x2e CMakeFiles/STMF407ZGT6.elf.dir/USER/main.c.obj
                                0x314 (size before relaxing)
 .debug_str     0x00002bda       0xc2 CMakeFiles/STMF407ZGT6.elf.dir/USER/stm32f4xx_it.c.obj
                                0x259 (size before relaxing)
 .debug_str     0x00002c9c       0x99 CMakeFiles/STMF407ZGT6.elf.dir/USER/system_stm32f4xx.c.obj
                                0x411 (size before relaxing)

.comment        0x00000000       0x6e
 .comment       0x00000000       0x6e CMakeFiles/STMF407ZGT6.elf.dir/APP/delay/delay.c.obj
                                 0x6f (size before relaxing)
 .comment       0x0000006e       0x6f CMakeFiles/STMF407ZGT6.elf.dir/APP/led/led.c.obj
 .comment       0x0000006e       0x6f CMakeFiles/STMF407ZGT6.elf.dir/APP/sys/sys.c.obj
 .comment       0x0000006e       0x6f CMakeFiles/STMF407ZGT6.elf.dir/APP/usart/usart.c.obj
 .comment       0x0000006e       0x6f CMakeFiles/STMF407ZGT6.elf.dir/FreeRTOS/list.c.obj
 .comment       0x0000006e       0x6f CMakeFiles/STMF407ZGT6.elf.dir/FreeRTOS/portable/GCC/ARM_CM4F/port.c.obj
 .comment       0x0000006e       0x6f CMakeFiles/STMF407ZGT6.elf.dir/FreeRTOS/tasks.c.obj
 .comment       0x0000006e       0x6f CMakeFiles/STMF407ZGT6.elf.dir/Libraries/STM32F407x.Stdperiph_Driver/src/misc.c.obj
 .comment       0x0000006e       0x6f CMakeFiles/STMF407ZGT6.elf.dir/Libraries/STM32F407x.Stdperiph_Driver/src/stm32f4xx_gpio.c.obj
 .comment       0x0000006e       0x6f CMakeFiles/STMF407ZGT6.elf.dir/Libraries/STM32F407x.Stdperiph_Driver/src/stm32f4xx_rcc.c.obj
 .comment       0x0000006e       0x6f CMakeFiles/STMF407ZGT6.elf.dir/Libraries/STM32F407x.Stdperiph_Driver/src/stm32f4xx_usart.c.obj
 .comment       0x0000006e       0x6f CMakeFiles/STMF407ZGT6.elf.dir/USER/main.c.obj
 .comment       0x0000006e       0x6f CMakeFiles/STMF407ZGT6.elf.dir/USER/stm32f4xx_it.c.obj
 .comment       0x0000006e       0x6f CMakeFiles/STMF407ZGT6.elf.dir/USER/system_stm32f4xx.c.obj

.debug_frame    0x00000000     0x2244
 .debug_frame   0x00000000       0x64 CMakeFiles/STMF407ZGT6.elf.dir/APP/delay/delay.c.obj
 .debug_frame   0x00000064       0x30 CMakeFiles/STMF407ZGT6.elf.dir/APP/led/led.c.obj
 .debug_frame   0x00000094      0x1dc CMakeFiles/STMF407ZGT6.elf.dir/APP/sys/sys.c.obj
 .debug_frame   0x00000270       0x7c CMakeFiles/STMF407ZGT6.elf.dir/APP/usart/usart.c.obj
 .debug_frame   0x000002ec       0x6c CMakeFiles/STMF407ZGT6.elf.dir/FreeRTOS/list.c.obj
 .debug_frame   0x00000358       0xf0 CMakeFiles/STMF407ZGT6.elf.dir/FreeRTOS/portable/GCC/ARM_CM4F/port.c.obj
 .debug_frame   0x00000448      0x5ac CMakeFiles/STMF407ZGT6.elf.dir/FreeRTOS/tasks.c.obj
 .debug_frame   0x000009f4       0x74 CMakeFiles/STMF407ZGT6.elf.dir/Libraries/STM32F407x.Stdperiph_Driver/src/misc.c.obj
 .debug_frame   0x00000a68      0x11c CMakeFiles/STMF407ZGT6.elf.dir/Libraries/STM32F407x.Stdperiph_Driver/src/stm32f4xx_gpio.c.obj
 .debug_frame   0x00000b84      0x378 CMakeFiles/STMF407ZGT6.elf.dir/Libraries/STM32F407x.Stdperiph_Driver/src/stm32f4xx_rcc.c.obj
 .debug_frame   0x00000efc      0x21c CMakeFiles/STMF407ZGT6.elf.dir/Libraries/STM32F407x.Stdperiph_Driver/src/stm32f4xx_usart.c.obj
 .debug_frame   0x00001118       0x2c CMakeFiles/STMF407ZGT6.elf.dir/USER/main.c.obj
 .debug_frame   0x00001144       0xa0 CMakeFiles/STMF407ZGT6.elf.dir/USER/stm32f4xx_it.c.obj
 .debug_frame   0x000011e4       0x50 CMakeFiles/STMF407ZGT6.elf.dir/USER/system_stm32f4xx.c.obj
 .debug_frame   0x00001234       0x20 c:/progra~2/gnutoo~1/50a5a~1.420/bin/../lib/gcc/arm-none-eabi/5.4.1/../../../../arm-none-eabi/lib/armv7e-m/fpu\libc.a(lib_a-errno.o)
 .debug_frame   0x00001254       0x2c c:/progra~2/gnutoo~1/50a5a~1.420/bin/../lib/gcc/arm-none-eabi/5.4.1/../../../../arm-none-eabi/lib/armv7e-m/fpu\libc.a(lib_a-init.o)
 .debug_frame   0x00001280       0x34 c:/progra~2/gnutoo~1/50a5a~1.420/bin/../lib/gcc/arm-none-eabi/5.4.1/../../../../arm-none-eabi/lib/armv7e-m/fpu\libc.a(lib_a-memset.o)
 .debug_frame   0x000012b4       0x74 c:/progra~2/gnutoo~1/50a5a~1.420/bin/../lib/gcc/arm-none-eabi/5.4.1/../../../../arm-none-eabi/lib/armv7e-m/fpu\libc.a(lib_a-printf.o)
 .debug_frame   0x00001328       0x48 c:/progra~2/gnutoo~1/50a5a~1.420/bin/../lib/gcc/arm-none-eabi/5.4.1/../../../../arm-none-eabi/lib/armv7e-m/fpu\libc.a(lib_a-puts.o)
 .debug_frame   0x00001370       0x88 c:/progra~2/gnutoo~1/50a5a~1.420/bin/../lib/gcc/arm-none-eabi/5.4.1/../../../../arm-none-eabi/lib/armv7e-m/fpu\libc.a(lib_a-vfprintf.o)
 .debug_frame   0x000013f8       0x2c c:/progra~2/gnutoo~1/50a5a~1.420/bin/../lib/gcc/arm-none-eabi/5.4.1/../../../../arm-none-eabi/lib/armv7e-m/fpu\libc.a(lib_a-wsetup.o)
 .debug_frame   0x00001424       0x50 c:/progra~2/gnutoo~1/50a5a~1.420/bin/../lib/gcc/arm-none-eabi/5.4.1/../../../../arm-none-eabi/lib/armv7e-m/fpu\libc.a(lib_a-__call_atexit.o)
 .debug_frame   0x00001474       0x20 c:/progra~2/gnutoo~1/50a5a~1.420/bin/../lib/gcc/arm-none-eabi/5.4.1/../../../../arm-none-eabi/lib/armv7e-m/fpu\libc.a(lib_a-atexit.o)
 .debug_frame   0x00001494       0x88 c:/progra~2/gnutoo~1/50a5a~1.420/bin/../lib/gcc/arm-none-eabi/5.4.1/../../../../arm-none-eabi/lib/armv7e-m/fpu\libc.a(lib_a-dtoa.o)
 .debug_frame   0x0000151c       0x6c c:/progra~2/gnutoo~1/50a5a~1.420/bin/../lib/gcc/arm-none-eabi/5.4.1/../../../../arm-none-eabi/lib/armv7e-m/fpu\libc.a(lib_a-fflush.o)
 .debug_frame   0x00001588      0x124 c:/progra~2/gnutoo~1/50a5a~1.420/bin/../lib/gcc/arm-none-eabi/5.4.1/../../../../arm-none-eabi/lib/armv7e-m/fpu\libc.a(lib_a-findfp.o)
 .debug_frame   0x000016ac       0x34 c:/progra~2/gnutoo~1/50a5a~1.420/bin/../lib/gcc/arm-none-eabi/5.4.1/../../../../arm-none-eabi/lib/armv7e-m/fpu\libc.a(lib_a-fini.o)
 .debug_frame   0x000016e0       0x74 c:/progra~2/gnutoo~1/50a5a~1.420/bin/../lib/gcc/arm-none-eabi/5.4.1/../../../../arm-none-eabi/lib/armv7e-m/fpu\libc.a(lib_a-freer.o)
 .debug_frame   0x00001754       0x68 c:/progra~2/gnutoo~1/50a5a~1.420/bin/../lib/gcc/arm-none-eabi/5.4.1/../../../../arm-none-eabi/lib/armv7e-m/fpu\libc.a(lib_a-fvwrite.o)
 .debug_frame   0x000017bc       0x54 c:/progra~2/gnutoo~1/50a5a~1.420/bin/../lib/gcc/arm-none-eabi/5.4.1/../../../../arm-none-eabi/lib/armv7e-m/fpu\libc.a(lib_a-fwalk.o)
 .debug_frame   0x00001810       0x40 c:/progra~2/gnutoo~1/50a5a~1.420/bin/../lib/gcc/arm-none-eabi/5.4.1/../../../../arm-none-eabi/lib/armv7e-m/fpu\libc.a(lib_a-localeconv.o)
 .debug_frame   0x00001850       0x68 c:/progra~2/gnutoo~1/50a5a~1.420/bin/../lib/gcc/arm-none-eabi/5.4.1/../../../../arm-none-eabi/lib/armv7e-m/fpu\libc.a(lib_a-makebuf.o)
 .debug_frame   0x000018b8       0x58 c:/progra~2/gnutoo~1/50a5a~1.420/bin/../lib/gcc/arm-none-eabi/5.4.1/../../../../arm-none-eabi/lib/armv7e-m/fpu\libc.a(lib_a-mallocr.o)
 .debug_frame   0x00001910       0x30 c:/progra~2/gnutoo~1/50a5a~1.420/bin/../lib/gcc/arm-none-eabi/5.4.1/../../../../arm-none-eabi/lib/armv7e-m/fpu\libc.a(lib_a-memmove.o)
 .debug_frame   0x00001940       0x30 c:/progra~2/gnutoo~1/50a5a~1.420/bin/../lib/gcc/arm-none-eabi/5.4.1/../../../../arm-none-eabi/lib/armv7e-m/fpu\libc.a(lib_a-mlock.o)
 .debug_frame   0x00001970      0x264 c:/progra~2/gnutoo~1/50a5a~1.420/bin/../lib/gcc/arm-none-eabi/5.4.1/../../../../arm-none-eabi/lib/armv7e-m/fpu\libc.a(lib_a-mprec.o)
 .debug_frame   0x00001bd4       0x60 c:/progra~2/gnutoo~1/50a5a~1.420/bin/../lib/gcc/arm-none-eabi/5.4.1/../../../../arm-none-eabi/lib/armv7e-m/fpu\libc.a(lib_a-reallocr.o)
 .debug_frame   0x00001c34       0x2c c:/progra~2/gnutoo~1/50a5a~1.420/bin/../lib/gcc/arm-none-eabi/5.4.1/../../../../arm-none-eabi/lib/armv7e-m/fpu\libc.a(lib_a-sbrkr.o)
 .debug_frame   0x00001c60       0x88 c:/progra~2/gnutoo~1/50a5a~1.420/bin/../lib/gcc/arm-none-eabi/5.4.1/../../../../arm-none-eabi/lib/armv7e-m/fpu\libc.a(lib_a-stdio.o)
 .debug_frame   0x00001ce8       0xc8 c:/progra~2/gnutoo~1/50a5a~1.420/bin/../lib/gcc/arm-none-eabi/5.4.1/../../../../arm-none-eabi/lib/armv7e-m/fpu\libc.a(lib_a-vfiprintf.o)
 .debug_frame   0x00001db0       0x2c c:/progra~2/gnutoo~1/50a5a~1.420/bin/../lib/gcc/arm-none-eabi/5.4.1/../../../../arm-none-eabi/lib/armv7e-m/fpu\libc.a(lib_a-writer.o)
 .debug_frame   0x00001ddc       0x34 c:/progra~2/gnutoo~1/50a5a~1.420/bin/../lib/gcc/arm-none-eabi/5.4.1/../../../../arm-none-eabi/lib/armv7e-m/fpu\libc.a(lib_a-__atexit.o)
 .debug_frame   0x00001e10       0x28 c:/progra~2/gnutoo~1/50a5a~1.420/bin/../lib/gcc/arm-none-eabi/5.4.1/../../../../arm-none-eabi/lib/armv7e-m/fpu\libc.a(lib_a-callocr.o)
 .debug_frame   0x00001e38       0x2c c:/progra~2/gnutoo~1/50a5a~1.420/bin/../lib/gcc/arm-none-eabi/5.4.1/../../../../arm-none-eabi/lib/armv7e-m/fpu\libc.a(lib_a-closer.o)
 .debug_frame   0x00001e64       0x44 c:/progra~2/gnutoo~1/50a5a~1.420/bin/../lib/gcc/arm-none-eabi/5.4.1/../../../../arm-none-eabi/lib/armv7e-m/fpu\libc.a(lib_a-fclose.o)
 .debug_frame   0x00001ea8       0x8c c:/progra~2/gnutoo~1/50a5a~1.420/bin/../lib/gcc/arm-none-eabi/5.4.1/../../../../arm-none-eabi/lib/armv7e-m/fpu\libc.a(lib_a-fputwc.o)
 .debug_frame   0x00001f34       0x2c c:/progra~2/gnutoo~1/50a5a~1.420/bin/../lib/gcc/arm-none-eabi/5.4.1/../../../../arm-none-eabi/lib/armv7e-m/fpu\libc.a(lib_a-fstatr.o)
 .debug_frame   0x00001f60       0x2c c:/progra~2/gnutoo~1/50a5a~1.420/bin/../lib/gcc/arm-none-eabi/5.4.1/../../../../arm-none-eabi/lib/armv7e-m/fpu\libc.a(lib_a-isattyr.o)
 .debug_frame   0x00001f8c       0x84 c:/progra~2/gnutoo~1/50a5a~1.420/bin/../lib/gcc/arm-none-eabi/5.4.1/../../../../arm-none-eabi/lib/armv7e-m/fpu\libc.a(lib_a-locale.o)
 .debug_frame   0x00002010       0x2c c:/progra~2/gnutoo~1/50a5a~1.420/bin/../lib/gcc/arm-none-eabi/5.4.1/../../../../arm-none-eabi/lib/armv7e-m/fpu\libc.a(lib_a-lseekr.o)
 .debug_frame   0x0000203c       0x4c c:/progra~2/gnutoo~1/50a5a~1.420/bin/../lib/gcc/arm-none-eabi/5.4.1/../../../../arm-none-eabi/lib/armv7e-m/fpu\libc.a(lib_a-mbtowc_r.o)
 .debug_frame   0x00002088       0x2c c:/progra~2/gnutoo~1/50a5a~1.420/bin/../lib/gcc/arm-none-eabi/5.4.1/../../../../arm-none-eabi/lib/armv7e-m/fpu\libc.a(lib_a-readr.o)
 .debug_frame   0x000020b4       0x58 c:/progra~2/gnutoo~1/50a5a~1.420/bin/../lib/gcc/arm-none-eabi/5.4.1/../../../../arm-none-eabi/lib/armv7e-m/fpu\libc.a(lib_a-reent.o)
 .debug_frame   0x0000210c       0x40 c:/progra~2/gnutoo~1/50a5a~1.420/bin/../lib/gcc/arm-none-eabi/5.4.1/../../../../arm-none-eabi/lib/armv7e-m/fpu\libc.a(lib_a-wbuf.o)
 .debug_frame   0x0000214c       0x5c c:/progra~2/gnutoo~1/50a5a~1.420/bin/../lib/gcc/arm-none-eabi/5.4.1/../../../../arm-none-eabi/lib/armv7e-m/fpu\libc.a(lib_a-wcrtomb.o)
 .debug_frame   0x000021a8       0x3c c:/progra~2/gnutoo~1/50a5a~1.420/bin/../lib/gcc/arm-none-eabi/5.4.1/../../../../arm-none-eabi/lib/armv7e-m/fpu\libc.a(lib_a-wctomb_r.o)
 .debug_frame   0x000021e4       0x2c c:/progra~2/gnutoo~1/50a5a~1.420/bin/../lib/gcc/arm-none-eabi/5.4.1/armv7e-m/fpu\libgcc.a(_aeabi_uldivmod.o)
 .debug_frame   0x00002210       0x34 c:/progra~2/gnutoo~1/50a5a~1.420/bin/../lib/gcc/arm-none-eabi/5.4.1/armv7e-m/fpu\libgcc.a(_udivmoddi4.o)
